00:00 +0: loading C:/Users/jakej/Documents/GitHub/Subaru.specs.n.parts/test/data/db/dao/specs_dao_test.dart
00:00 +0: C:/Users/jakej/Documents/GitHub/Subaru.specs.n.parts/test/data/db/dao/specs_dao_test.dart: getSpecsForVehicle works with non-nullable model
00:00 +1: C:/Users/jakej/Documents/GitHub/Subaru.specs.n.parts/test/data/db/dao/vehicles_dao_test.dart: VehiclesDao getDistinctYears returns years sorted descending
00:01 +2: C:/Users/jakej/Documents/GitHub/Subaru.specs.n.parts/test/data/db/dao/vehicles_dao_test.dart: VehiclesDao getDistinctModelsByYear returns distinct models sorted alphabetically
00:01 +3: C:/Users/jakej/Documents/GitHub/Subaru.specs.n.parts/test/data/seed/brz_2024_coverage_test.dart: 2024 BRZ coverage is complete and correct
00:01 +4: C:/Users/jakej/Documents/GitHub/Subaru.specs.n.parts/test/data/seed/brz_full_history_test.dart: BRZ History Coverage (setUpAll)
00:01 +4: C:/Users/jakej/Documents/GitHub/Subaru.specs.n.parts/test/data/seed/brz_full_history_test.dart: BRZ History Coverage No 2012 BRZ models exist for USDM
00:01 +5: C:/Users/jakej/Documents/GitHub/Subaru.specs.n.parts/test/data/seed/brz_full_history_test.dart: BRZ History Coverage No 2021 BRZ models exist for USDM (Production Gap)
00:01 +6: C:/Users/jakej/Documents/GitHub/Subaru.specs.n.parts/test/data/seed/brz_full_history_test.dart: BRZ History Coverage Gen 1 (2013-2020) uses FA20 NA engine
00:01 +7: C:/Users/jakej/Documents/GitHub/Subaru.specs.n.parts/test/data/seed/brz_full_history_test.dart: BRZ History Coverage Gen 2 (2022-Present) uses FA24 engine
00:01 +8: C:/Users/jakej/Documents/GitHub/Subaru.specs.n.parts/test/data/seed/brz_full_history_test.dart: BRZ History Coverage (tearDownAll)
00:02 +8: C:/Users/jakej/Documents/GitHub/Subaru.specs.n.parts/test/data/seed/forester_classic_validation_test.dart: Forester Gen 1 & 2 Validation (1998-2008) (setUpAll)
00:02 +8: C:/Users/jakej/Documents/GitHub/Subaru.specs.n.parts/test/data/seed/forester_classic_validation_test.dart: Forester Gen 1 & 2 Validation (1998-2008) 1998 Forester (Gen 1 Launch) exists
00:02 +9: C:/Users/jakej/Documents/GitHub/Subaru.specs.n.parts/test/data/seed/forester_classic_validation_test.dart: Forester Gen 1 & 2 Validation (1998-2008) Forester XT Turbo Introduction (2004)
00:02 +10: C:/Users/jakej/Documents/GitHub/Subaru.specs.n.parts/test/data/seed/forester_classic_validation_test.dart: Forester Gen 1 & 2 Validation (1998-2008) Sports 2.5 XT exists (2007-2008)
00:02 +11: C:/Users/jakej/Documents/GitHub/Subaru.specs.n.parts/test/data/seed/forester_classic_validation_test.dart: Forester Gen 1 & 2 Validation (1998-2008) (tearDownAll)
00:02 +11: C:/Users/jakej/Documents/GitHub/Subaru.specs.n.parts/test/data/seed/forester_gen5_validation_test.dart: Forester Gen 5 Validation (2019-2024) (setUpAll)
00:02 +11: C:/Users/jakej/Documents/GitHub/Subaru.specs.n.parts/test/data/seed/forester_gen5_validation_test.dart: Forester Gen 5 Validation (2019-2024) All Gen 5 Foresters should be non-turbo (FB25)
00:02 +12: C:/Users/jakej/Documents/GitHub/Subaru.specs.n.parts/test/data/seed/forester_gen5_validation_test.dart: Forester Gen 5 Validation (2019-2024) Wilderness Trim Introduction (2022)
00:02 +13: C:/Users/jakej/Documents/GitHub/Subaru.specs.n.parts/test/data/seed/forester_gen5_validation_test.dart: Forester Gen 5 Validation (2019-2024) Sport trim should be NA (FB25)
00:02 +14: C:/Users/jakej/Documents/GitHub/Subaru.specs.n.parts/test/data/seed/forester_gen5_validation_test.dart: Forester Gen 5 Validation (2019-2024) (tearDownAll)
00:03 +14: C:/Users/jakej/Documents/GitHub/Subaru.specs.n.parts/test/data/seed/forester_modern_validation_test.dart: Forester Gen 3 & 4 Validation (2009-2018) (setUpAll)
00:03 +14: C:/Users/jakej/Documents/GitHub/Subaru.specs.n.parts/test/data/seed/forester_modern_validation_test.dart: Forester Gen 3 & 4 Validation (2009-2018) Forester XT Engine Transition (EJ255 -> FA20DIT)
00:03 +15: C:/Users/jakej/Documents/GitHub/Subaru.specs.n.parts/test/data/seed/forester_modern_validation_test.dart: Forester Gen 3 & 4 Validation (2009-2018) NA Engine Transition (EJ253 -> FB25)
00:03 +16: C:/Users/jakej/Documents/GitHub/Subaru.specs.n.parts/test/data/seed/forester_modern_validation_test.dart: Forester Gen 3 & 4 Validation (2009-2018) 2018 Black Edition exists
00:03 +17: C:/Users/jakej/Documents/GitHub/Subaru.specs.n.parts/test/data/seed/forester_modern_validation_test.dart: Forester Gen 3 & 4 Validation (2009-2018) (tearDownAll)
00:03 +17: C:/Users/jakej/Documents/GitHub/Subaru.specs.n.parts/test/data/seed/impreza_gen1_validation_test.dart: Impreza Gen 1 Validation (setUpAll)
00:03 +17: C:/Users/jakej/Documents/GitHub/Subaru.specs.n.parts/test/data/seed/impreza_gen1_validation_test.dart: Impreza Gen 1 Validation 1993 Impreza (Gen 1 Start) exists
00:03 +18: C:/Users/jakej/Documents/GitHub/Subaru.specs.n.parts/test/data/seed/impreza_gen1_validation_test.dart: Impreza Gen 1 Validation 2.5 RS Evolution (1998-2001)
00:03 +19: C:/Users/jakej/Documents/GitHub/Subaru.specs.n.parts/test/data/seed/impreza_gen1_validation_test.dart: Impreza Gen 1 Validation Outback Sport exists (1995-1996)
00:03 +20: C:/Users/jakej/Documents/GitHub/Subaru.specs.n.parts/test/data/seed/impreza_gen1_validation_test.dart: Impreza Gen 1 Validation (tearDownAll)
00:03 +20: C:/Users/jakej/Documents/GitHub/Subaru.specs.n.parts/test/data/seed/impreza_gen2_validation_test.dart: Impreza Gen 2 Validation (2002-2007) (setUpAll)
00:03 +20: C:/Users/jakej/Documents/GitHub/Subaru.specs.n.parts/test/data/seed/impreza_gen2_validation_test.dart: Impreza Gen 2 Validation (2002-2007) WRX Engine Evolution (2.0L vs 2.5L)
00:03 +21: C:/Users/jakej/Documents/GitHub/Subaru.specs.n.parts/test/data/seed/impreza_gen2_validation_test.dart: Impreza Gen 2 Validation (2002-2007) STI Introduction (2004)
00:03 +22: C:/Users/jakej/Documents/GitHub/Subaru.specs.n.parts/test/data/seed/impreza_gen2_validation_test.dart: Impreza Gen 2 Validation (2002-2007) Base Model Rename (RS vs 2.5i)
00:03 +23: C:/Users/jakej/Documents/GitHub/Subaru.specs.n.parts/test/data/seed/impreza_gen2_validation_test.dart: Impreza Gen 2 Validation (2002-2007) (tearDownAll)
00:04 +23: C:/Users/jakej/Documents/GitHub/Subaru.specs.n.parts/test/data/seed/legacy_validation_test.dart: Legacy Gen 1 Validation (setUpAll)
00:04 +23: C:/Users/jakej/Documents/GitHub/Subaru.specs.n.parts/test/data/seed/legacy_validation_test.dart: Legacy Gen 1 Validation 1990 Legacy items are present
00:04 +24: C:/Users/jakej/Documents/GitHub/Subaru.specs.n.parts/test/data/seed/legacy_validation_test.dart: Legacy Gen 1 Validation EJ22T Turbo models exist (1991-1994)
00:04 +25: C:/Users/jakej/Documents/GitHub/Subaru.specs.n.parts/test/data/seed/legacy_validation_test.dart: Legacy Gen 1 Validation Legacy GT exists for 1994
00:04 +26: C:/Users/jakej/Documents/GitHub/Subaru.specs.n.parts/test/data/seed/legacy_validation_test.dart: Legacy Gen 1 Validation Gen 2 Legacy includes Outback trim (1995-1999)
00:04 +27: C:/Users/jakej/Documents/GitHub/Subaru.specs.n.parts/test/data/seed/legacy_validation_test.dart: Legacy Gen 1 Validation Gen 2 GT uses EJ25D (1996+)
00:04 +28: C:/Users/jakej/Documents/GitHub/Subaru.specs.n.parts/test/data/seed/legacy_validation_test.dart: Legacy Gen 1 Validation 1999 30th Anniversary Editions exist
00:04 +29: C:/Users/jakej/Documents/GitHub/Subaru.specs.n.parts/test/data/seed/legacy_validation_test.dart: Legacy Gen 1 Validation Gen 3 Legacy exists (2000-2004)
00:04 +30: C:/Users/jakej/Documents/GitHub/Subaru.specs.n.parts/test/data/seed/legacy_validation_test.dart: Legacy Gen 1 Validation Gen 4 Legacy Turbo returns (2005+)
00:04 +31: C:/Users/jakej/Documents/GitHub/Subaru.specs.n.parts/test/data/seed/legacy_validation_test.dart: Legacy Gen 1 Validation spec.B exists (2006-2007)
00:04 +32: C:/Users/jakej/Documents/GitHub/Subaru.specs.n.parts/test/data/seed/legacy_validation_test.dart: Legacy Gen 1 Validation H6 3.0R models exist (2008-2009)
00:04 +33: C:/Users/jakej/Documents/GitHub/Subaru.specs.n.parts/test/data/seed/legacy_validation_test.dart: Legacy Gen 1 Validation Gen 5 Legacy GT availability (2010-2012)
00:04 +34: C:/Users/jakej/Documents/GitHub/Subaru.specs.n.parts/test/data/seed/legacy_validation_test.dart: Legacy Gen 1 Validation Gen 5 3.6R H6 upgrade (2010-2014)
00:04 +35: C:/Users/jakej/Documents/GitHub/Subaru.specs.n.parts/test/data/seed/legacy_validation_test.dart: Legacy Gen 1 Validation Gen 6 Legacy 50th Anniversary (2019)
00:04 +36: C:/Users/jakej/Documents/GitHub/Subaru.specs.n.parts/test/data/seed/legacy_validation_test.dart: Legacy Gen 1 Validation Gen 6 Legacy Turbo Absence (2015-2019)
00:04 +37: C:/Users/jakej/Documents/GitHub/Subaru.specs.n.parts/test/data/seed/legacy_validation_test.dart: Legacy Gen 1 Validation Gen 7 Legacy Turbo Returns (2020+)
00:04 +38: C:/Users/jakej/Documents/GitHub/Subaru.specs.n.parts/test/data/seed/legacy_validation_test.dart: Legacy Gen 1 Validation Legacy Sport trim evolution
00:04 +39: C:/Users/jakej/Documents/GitHub/Subaru.specs.n.parts/test/data/seed/legacy_validation_test.dart: Legacy Gen 1 Validation (tearDownAll)
00:05 +39: C:/Users/jakej/Documents/GitHub/Subaru.specs.n.parts/test/data/seed/outback_gen4_validation_test.dart: Outback Gen 4 Validation (2010-2014) (setUpAll)
00:05 +39: C:/Users/jakej/Documents/GitHub/Subaru.specs.n.parts/test/data/seed/outback_gen4_validation_test.dart: Outback Gen 4 Validation (2010-2014) NA Engine Switch (EJ253 -> FB25 in 2013)
00:05 +40: C:/Users/jakej/Documents/GitHub/Subaru.specs.n.parts/test/data/seed/outback_gen4_validation_test.dart: Outback Gen 4 Validation (2010-2014) XT Discontinued, replaced by 3.6R
00:05 +41: C:/Users/jakej/Documents/GitHub/Subaru.specs.n.parts/test/data/seed/outback_gen4_validation_test.dart: Outback Gen 4 Validation (2010-2014) (tearDownAll)
00:05 +41: C:/Users/jakej/Documents/GitHub/Subaru.specs.n.parts/test/data/seed/outback_modern_validation_test.dart: Outback Gen 5 & 6 Validation (2015-2024) (setUpAll)
00:05 +41: C:/Users/jakej/Documents/GitHub/Subaru.specs.n.parts/test/data/seed/outback_modern_validation_test.dart: Outback Gen 5 & 6 Validation (2015-2024) All Gen 5 Outbacks should be Non-Turbo (2015-2019)
00:05 +42: C:/Users/jakej/Documents/GitHub/Subaru.specs.n.parts/test/data/seed/outback_modern_validation_test.dart: Outback Gen 5 & 6 Validation (2015-2024) Turbo (XT) Return in 2020
00:05 +43: C:/Users/jakej/Documents/GitHub/Subaru.specs.n.parts/test/data/seed/outback_modern_validation_test.dart: Outback Gen 5 & 6 Validation (2015-2024) 3.6R Discontinued in 2020
00:05 +44: C:/Users/jakej/Documents/GitHub/Subaru.specs.n.parts/test/data/seed/outback_modern_validation_test.dart: Outback Gen 5 & 6 Validation (2015-2024) Wilderness Trim Existence (2022+)
00:05 +45: C:/Users/jakej/Documents/GitHub/Subaru.specs.n.parts/test/data/seed/outback_modern_validation_test.dart: Outback Gen 5 & 6 Validation (2015-2024) (tearDownAll)
00:05 +45: C:/Users/jakej/Documents/GitHub/Subaru.specs.n.parts/test/data/seed/outback_separation_validation_test.dart: Outback Separation Validation (2000-2009) (setUpAll)
00:06 +45: C:/Users/jakej/Documents/GitHub/Subaru.specs.n.parts/test/data/seed/outback_separation_validation_test.dart: Outback Separation Validation (2000-2009) 1999 and earlier should be Legacy Outback
00:06 +46: C:/Users/jakej/Documents/GitHub/Subaru.specs.n.parts/test/data/seed/outback_separation_validation_test.dart: Outback Separation Validation (2000-2009) 2000+ should be Model: Outback
00:06 +47: C:/Users/jakej/Documents/GitHub/Subaru.specs.n.parts/test/data/seed/outback_separation_validation_test.dart: Outback Separation Validation (2000-2009) Legacy Outback should disappear in 2000 (become standalone)
00:06 +48: C:/Users/jakej/Documents/GitHub/Subaru.specs.n.parts/test/data/seed/outback_separation_validation_test.dart: Outback Separation Validation (2000-2009) H6 Introduction (2001+)
00:06 +49: C:/Users/jakej/Documents/GitHub/Subaru.specs.n.parts/test/data/seed/outback_separation_validation_test.dart: Outback Separation Validation (2000-2009) XT Turbo Introduction (2005+)
00:06 +50: C:/Users/jakej/Documents/GitHub/Subaru.specs.n.parts/test/data/seed/outback_separation_validation_test.dart: Outback Separation Validation (2000-2009) (tearDownAll)
00:06 +50: C:/Users/jakej/Documents/GitHub/Subaru.specs.n.parts/test/data/seed/seed_parsing_test.dart: Seed Parsing parseVehicles parses valid JSON correctly
00:06 +51: C:/Users/jakej/Documents/GitHub/Subaru.specs.n.parts/test/data/seed/seed_parsing_test.dart: Seed Parsing parseSpecs parses valid JSON correctly
00:06 +52: C:/Users/jakej/Documents/GitHub/Subaru.specs.n.parts/test/data/seed/seed_parsing_test.dart: Seed Parsing parseParts parses valid JSON correctly
00:06 +53: C:/Users/jakej/Documents/GitHub/Subaru.specs.n.parts/test/data/seed/specs_baja_coverage_test.dart: Baja (2003-2006) Coverage Specs (setUpAll)
00:06 +53: C:/Users/jakej/Documents/GitHub/Subaru.specs.n.parts/test/data/seed/specs_baja_coverage_test.dart: Baja (2003-2006) Coverage Specs Has Baja Oil Capacities (NA & Turbo)
00:06 +54: C:/Users/jakej/Documents/GitHub/Subaru.specs.n.parts/test/data/seed/specs_baja_coverage_test.dart: Baja (2003-2006) Coverage Specs Has Baja Coolant Capacity
00:06 +55: C:/Users/jakej/Documents/GitHub/Subaru.specs.n.parts/test/data/seed/specs_baja_coverage_test.dart: Baja (2003-2006) Coverage Specs Has Baja Transmission Capacities (5MT & 4EAT)
00:06 +56: C:/Users/jakej/Documents/GitHub/Subaru.specs.n.parts/test/data/seed/specs_baja_coverage_test.dart: Baja (2003-2006) Coverage Specs Has Baja Spark Plugs (Turbo)
00:06 +57: C:/Users/jakej/Documents/GitHub/Subaru.specs.n.parts/test/data/seed/specs_baja_coverage_test.dart: Baja (2003-2006) Coverage Specs (tearDownAll)
00:06 +57: C:/Users/jakej/Documents/GitHub/Subaru.specs.n.parts/test/data/seed/specs_baja_coverage_test.dart: Baja (2003-2006) Wheels & Brakes Coverage (setUpAll)
00:06 +57: C:/Users/jakej/Documents/GitHub/Subaru.specs.n.parts/test/data/seed/specs_baja_coverage_test.dart: Baja (2003-2006) Wheels & Brakes Coverage Has Baja Bolt Pattern (5x100)
00:06 +58: C:/Users/jakej/Documents/GitHub/Subaru.specs.n.parts/test/data/seed/specs_baja_coverage_test.dart: Baja (2003-2006) Wheels & Brakes Coverage Has Baja Brakes (Front & Rear)
00:06 +59: C:/Users/jakej/Documents/GitHub/Subaru.specs.n.parts/test/data/seed/specs_baja_coverage_test.dart: Baja (2003-2006) Wheels & Brakes Coverage Has Baja Battery (Group 35)
00:06 +60: C:/Users/jakej/Documents/GitHub/Subaru.specs.n.parts/test/data/seed/specs_baja_coverage_test.dart: Baja (2003-2006) Wheels & Brakes Coverage (tearDownAll)
00:06 +60: C:/Users/jakej/Documents/GitHub/Subaru.specs.n.parts/test/data/seed/specs_baja_coverage_test.dart: Baja (2003-2006) Maintenance & Misc Coverage (setUpAll)
00:06 +60: C:/Users/jakej/Documents/GitHub/Subaru.specs.n.parts/test/data/seed/specs_baja_coverage_test.dart: Baja (2003-2006) Maintenance & Misc Coverage Has Baja Oil Filter
00:06 +61: C:/Users/jakej/Documents/GitHub/Subaru.specs.n.parts/test/data/seed/specs_baja_coverage_test.dart: Baja (2003-2006) Maintenance & Misc Coverage Has Baja Air Filter (NA)
00:06 +62: C:/Users/jakej/Documents/GitHub/Subaru.specs.n.parts/test/data/seed/specs_baja_coverage_test.dart: Baja (2003-2006) Maintenance & Misc Coverage Has Baja Timing Belt (105k)
00:06 +63: C:/Users/jakej/Documents/GitHub/Subaru.specs.n.parts/test/data/seed/specs_baja_coverage_test.dart: Baja (2003-2006) Maintenance & Misc Coverage Has Baja Fuel Tank (16.9 gal)
00:06 +64: C:/Users/jakej/Documents/GitHub/Subaru.specs.n.parts/test/data/seed/specs_baja_coverage_test.dart: Baja (2003-2006) Maintenance & Misc Coverage Has Baja Tires (225/60R16)
00:06 +65: C:/Users/jakej/Documents/GitHub/Subaru.specs.n.parts/test/data/seed/specs_baja_coverage_test.dart: Baja (2003-2006) Maintenance & Misc Coverage Has Baja Headlight (H1)
00:06 +65 -1: C:/Users/jakej/Documents/GitHub/Subaru.specs.n.parts/test/data/seed/specs_baja_coverage_test.dart: Baja (2003-2006) Maintenance & Misc Coverage Has Baja Headlight (H1) [E]
  Bad state: No element
  dart:collection                                      ListBase.firstWhere
  test\data\seed\specs_baja_coverage_test.dart 164:30  main.<fn>.<fn>
  
00:06 +65 -1: C:/Users/jakej/Documents/GitHub/Subaru.specs.n.parts/test/data/seed/specs_baja_coverage_test.dart: Baja (2003-2006) Maintenance & Misc Coverage Has Baja Fog Light (H3)
00:06 +66 -1: C:/Users/jakej/Documents/GitHub/Subaru.specs.n.parts/test/data/seed/specs_baja_coverage_test.dart: Baja (2003-2006) Maintenance & Misc Coverage (tearDownAll)
00:07 +66 -1: C:/Users/jakej/Documents/GitHub/Subaru.specs.n.parts/test/data/seed/specs_comprehensive_audit_test.dart: Subaru Comprehensive Audit (Tribeca, Ascent & Crosstrek) Coverage Specs (setUpAll)
00:07 +66 -1: C:/Users/jakej/Documents/GitHub/Subaru.specs.n.parts/test/data/seed/specs_comprehensive_audit_test.dart: Subaru Comprehensive Audit (Tribeca, Ascent & Crosstrek) Coverage Specs Has Tribeca EZ36 Oil Capacity (6.9 Qt)
00:07 +67 -1: C:/Users/jakej/Documents/GitHub/Subaru.specs.n.parts/test/data/seed/specs_comprehensive_audit_test.dart: Subaru Comprehensive Audit (Tribeca, Ascent & Crosstrek) Coverage Specs Has Tribeca EZ36 Coolant Capacity (10.1 Qt)
00:07 +68 -1: C:/Users/jakej/Documents/GitHub/Subaru.specs.n.parts/test/data/seed/specs_comprehensive_audit_test.dart: Subaru Comprehensive Audit (Tribeca, Ascent & Crosstrek) Coverage Specs Has Tribeca 5AT Fluid Specs (10.4 Qt)
00:07 +69 -1: C:/Users/jakej/Documents/GitHub/Subaru.specs.n.parts/test/data/seed/specs_comprehensive_audit_test.dart: Subaru Comprehensive Audit (Tribeca, Ascent & Crosstrek) Coverage Specs Has Tribeca Front Rotors (316mm)
00:07 +70 -1: C:/Users/jakej/Documents/GitHub/Subaru.specs.n.parts/test/data/seed/specs_comprehensive_audit_test.dart: Subaru Comprehensive Audit (Tribeca, Ascent & Crosstrek) Coverage Specs Has Tribeca Rear Rotors (320mm)
00:07 +71 -1: C:/Users/jakej/Documents/GitHub/Subaru.specs.n.parts/test/data/seed/specs_comprehensive_audit_test.dart: Subaru Comprehensive Audit (Tribeca, Ascent & Crosstrek) Coverage Specs Has Tribeca EZ36 Spark Plugs (SILFR6A)
00:07 +72 -1: C:/Users/jakej/Documents/GitHub/Subaru.specs.n.parts/test/data/seed/specs_comprehensive_audit_test.dart: Subaru Comprehensive Audit (Tribeca, Ascent & Crosstrek) Coverage Specs Has Tribeca Tire Size (255/55R18)
00:07 +73 -1: C:/Users/jakej/Documents/GitHub/Subaru.specs.n.parts/test/data/seed/specs_comprehensive_audit_test.dart: Subaru Comprehensive Audit (Tribeca, Ascent & Crosstrek) Coverage Specs Has Tribeca Fuel Tank (16.9 gal)
00:07 +74 -1: C:/Users/jakej/Documents/GitHub/Subaru.specs.n.parts/test/data/seed/specs_comprehensive_audit_test.dart: Subaru Comprehensive Audit (Tribeca, Ascent & Crosstrek) Coverage Specs Has Ascent Front Rotors (333mm)
00:07 +75 -1: C:/Users/jakej/Documents/GitHub/Subaru.specs.n.parts/test/data/seed/specs_comprehensive_audit_test.dart: Subaru Comprehensive Audit (Tribeca, Ascent & Crosstrek) Coverage Specs Has Ascent Fuel Tank (19.3 gal)
00:07 +76 -1: C:/Users/jakej/Documents/GitHub/Subaru.specs.n.parts/test/data/seed/specs_comprehensive_audit_test.dart: Subaru Comprehensive Audit (Tribeca, Ascent & Crosstrek) Coverage Specs Has Crosstrek Front Rotors (294mm)
00:07 +77 -1: C:/Users/jakej/Documents/GitHub/Subaru.specs.n.parts/test/data/seed/specs_comprehensive_audit_test.dart: Subaru Comprehensive Audit (Tribeca, Ascent & Crosstrek) Coverage Specs Has Crosstrek GP Bulb Specs (PSX24W)
00:07 +77 -2: C:/Users/jakej/Documents/GitHub/Subaru.specs.n.parts/test/data/seed/specs_comprehensive_audit_test.dart: Subaru Comprehensive Audit (Tribeca, Ascent & Crosstrek) Coverage Specs Has Crosstrek GP Bulb Specs (PSX24W) [E]
  Bad state: No element
  dart:collection                                            ListBase.firstWhere
  test\data\seed\specs_comprehensive_audit_test.dart 144:32  main.<fn>.<fn>
  
00:07 +77 -2: C:/Users/jakej/Documents/GitHub/Subaru.specs.n.parts/test/data/seed/specs_comprehensive_audit_test.dart: Subaru Comprehensive Audit (Tribeca, Ascent & Crosstrek) Coverage Specs Has Legacy Gen 5 FB Oil Capacity (5.1 Qt)
00:07 +78 -2: C:/Users/jakej/Documents/GitHub/Subaru.specs.n.parts/test/data/seed/specs_comprehensive_audit_test.dart: Subaru Comprehensive Audit (Tribeca, Ascent & Crosstrek) Coverage Specs (tearDownAll)
00:07 +78 -2: C:/Users/jakej/Documents/GitHub/Subaru.specs.n.parts/test/data/seed/specs_forester_gen1_coverage_test.dart: Forester Gen 1 (1998-2002) Coverage Specs (setUpAll)
00:07 +78 -2: C:/Users/jakej/Documents/GitHub/Subaru.specs.n.parts/test/data/seed/specs_forester_gen1_coverage_test.dart: Forester Gen 1 (1998-2002) Coverage Specs Has Forester Gen1 (EJ25D) Oil Capacity (1998)
00:07 +79 -2: C:/Users/jakej/Documents/GitHub/Subaru.specs.n.parts/test/data/seed/specs_forester_gen1_coverage_test.dart: Forester Gen 1 (1998-2002) Coverage Specs Has Forester Gen1 (EJ251) Oil Capacity (1999-2002)
00:07 +80 -2: C:/Users/jakej/Documents/GitHub/Subaru.specs.n.parts/test/data/seed/specs_forester_gen1_coverage_test.dart: Forester Gen 1 (1998-2002) Coverage Specs Has Forester Gen1 Coolant Capacity
00:07 +81 -2: C:/Users/jakej/Documents/GitHub/Subaru.specs.n.parts/test/data/seed/specs_forester_gen1_coverage_test.dart: Forester Gen 1 (1998-2002) Coverage Specs Has Forester Gen1 (4EAT) ATF Capacity
00:07 +82 -2: C:/Users/jakej/Documents/GitHub/Subaru.specs.n.parts/test/data/seed/specs_forester_gen1_coverage_test.dart: Forester Gen 1 (1998-2002) Coverage Specs (tearDownAll)
00:07 +82 -2: C:/Users/jakej/Documents/GitHub/Subaru.specs.n.parts/test/data/seed/specs_forester_gen1_coverage_test.dart: Forester Gen 1 (1998-2002) Wheels & Brakes Coverage (setUpAll)
00:07 +82 -2: C:/Users/jakej/Documents/GitHub/Subaru.specs.n.parts/test/data/seed/specs_forester_gen1_coverage_test.dart: Forester Gen 1 (1998-2002) Wheels & Brakes Coverage Has Forester Gen1 Bolt Pattern (5x100)
00:07 +83 -2: C:/Users/jakej/Documents/GitHub/Subaru.specs.n.parts/test/data/seed/specs_forester_gen1_coverage_test.dart: Forester Gen 1 (1998-2002) Wheels & Brakes Coverage Has Forester Gen1 Front Rotors (277mm)
00:07 +84 -2: C:/Users/jakej/Documents/GitHub/Subaru.specs.n.parts/test/data/seed/specs_forester_gen1_coverage_test.dart: Forester Gen 1 (1998-2002) Wheels & Brakes Coverage Has Forester Gen1 Spark Plugs (0.044")
00:07 +85 -2: C:/Users/jakej/Documents/GitHub/Subaru.specs.n.parts/test/data/seed/specs_forester_gen1_coverage_test.dart: Forester Gen 1 (1998-2002) Wheels & Brakes Coverage (tearDownAll)
00:07 +85 -2: C:/Users/jakej/Documents/GitHub/Subaru.specs.n.parts/test/data/seed/specs_forester_gen1_coverage_test.dart: Forester Gen 1 (1998-2002) Maintenance & Electrical Coverage (setUpAll)
00:07 +85 -2: C:/Users/jakej/Documents/GitHub/Subaru.specs.n.parts/test/data/seed/specs_forester_gen1_coverage_test.dart: Forester Gen 1 (1998-2002) Maintenance & Electrical Coverage Has Forester Gen1 Oil Filter (15208AA12A)
00:07 +86 -2: C:/Users/jakej/Documents/GitHub/Subaru.specs.n.parts/test/data/seed/specs_forester_gen1_coverage_test.dart: Forester Gen 1 (1998-2002) Maintenance & Electrical Coverage Has Forester Gen1 Timing Belt (105k)
00:07 +87 -2: C:/Users/jakej/Documents/GitHub/Subaru.specs.n.parts/test/data/seed/specs_forester_gen1_coverage_test.dart: Forester Gen 1 (1998-2002) Maintenance & Electrical Coverage Has Forester Gen1 Battery (Group 35)
00:07 +88 -2: C:/Users/jakej/Documents/GitHub/Subaru.specs.n.parts/test/data/seed/specs_forester_gen1_coverage_test.dart: Forester Gen 1 (1998-2002) Maintenance & Electrical Coverage (tearDownAll)
00:07 +88 -2: C:/Users/jakej/Documents/GitHub/Subaru.specs.n.parts/test/data/seed/specs_forester_gen1_coverage_test.dart: Forester Gen 1 (1998-2002) Lighting & Fuel Coverage (setUpAll)
00:07 +88 -2: C:/Users/jakej/Documents/GitHub/Subaru.specs.n.parts/test/data/seed/specs_forester_gen1_coverage_test.dart: Forester Gen 1 (1998-2002) Lighting & Fuel Coverage Has Forester Gen1 Fuel Tank (15.9 gal)
00:07 +89 -2: C:/Users/jakej/Documents/GitHub/Subaru.specs.n.parts/test/data/seed/specs_forester_gen1_coverage_test.dart: Forester Gen 1 (1998-2002) Lighting & Fuel Coverage Has Forester Gen1 Stock Tire (15")
00:07 +90 -2: C:/Users/jakej/Documents/GitHub/Subaru.specs.n.parts/test/data/seed/specs_forester_gen1_coverage_test.dart: Forester Gen 1 (1998-2002) Lighting & Fuel Coverage Has Forester Gen1 Headlight Bulb (H4)
00:07 +90 -3: C:/Users/jakej/Documents/GitHub/Subaru.specs.n.parts/test/data/seed/specs_forester_gen1_coverage_test.dart: Forester Gen 1 (1998-2002) Lighting & Fuel Coverage Has Forester Gen1 Headlight Bulb (H4) [E]
  Expected: not null
    Actual: <null>
  Missing s_bulb_headlight_forester_gen1
  
  package:matcher                                              expect
  package:flutter_test/src/widget_tester.dart 473:18           expect
  test\data\seed\specs_forester_gen1_coverage_test.dart 225:7  main.<fn>.<fn>
  
00:07 +90 -3: C:/Users/jakej/Documents/GitHub/Subaru.specs.n.parts/test/data/seed/specs_forester_gen1_coverage_test.dart: Forester Gen 1 (1998-2002) Lighting & Fuel Coverage (tearDownAll)
00:08 +90 -3: C:/Users/jakej/Documents/GitHub/Subaru.specs.n.parts/test/data/seed/specs_forester_gen2_coverage_test.dart: Forester Gen 2 (2003-2008) Coverage Specs (setUpAll)
00:08 +90 -3: C:/Users/jakej/Documents/GitHub/Subaru.specs.n.parts/test/data/seed/specs_forester_gen2_coverage_test.dart: Forester Gen 2 (2003-2008) Coverage Specs Has Forester Gen2 (EJ25 NA) Oil Capacity
00:08 +91 -3: C:/Users/jakej/Documents/GitHub/Subaru.specs.n.parts/test/data/seed/specs_forester_gen2_coverage_test.dart: Forester Gen 2 (2003-2008) Coverage Specs Has Forester Gen2 (XT) Oil Capacity
00:08 +92 -3: C:/Users/jakej/Documents/GitHub/Subaru.specs.n.parts/test/data/seed/specs_forester_gen2_coverage_test.dart: Forester Gen 2 (2003-2008) Coverage Specs Has Forester Gen2 Coolant Capacity
00:08 +93 -3: C:/Users/jakej/Documents/GitHub/Subaru.specs.n.parts/test/data/seed/specs_forester_gen2_coverage_test.dart: Forester Gen 2 (2003-2008) Coverage Specs Has Forester Gen2 (5MT) Fluid Capacity
00:08 +94 -3: C:/Users/jakej/Documents/GitHub/Subaru.specs.n.parts/test/data/seed/specs_forester_gen2_coverage_test.dart: Forester Gen 2 (2003-2008) Coverage Specs Has Forester Gen2 Spark Plugs
00:08 +95 -3: C:/Users/jakej/Documents/GitHub/Subaru.specs.n.parts/test/data/seed/specs_forester_gen2_coverage_test.dart: Forester Gen 2 (2003-2008) Coverage Specs (tearDownAll)
00:08 +95 -3: C:/Users/jakej/Documents/GitHub/Subaru.specs.n.parts/test/data/seed/specs_forester_gen2_coverage_test.dart: Forester Gen 2 (2003-2008) Wheels & Brakes Coverage (setUpAll)
00:08 +95 -3: C:/Users/jakej/Documents/GitHub/Subaru.specs.n.parts/test/data/seed/specs_forester_gen2_coverage_test.dart: Forester Gen 2 (2003-2008) Wheels & Brakes Coverage Has Forester Gen2 Bolt Pattern (5x100)
00:08 +96 -3: C:/Users/jakej/Documents/GitHub/Subaru.specs.n.parts/test/data/seed/specs_forester_gen2_coverage_test.dart: Forester Gen 2 (2003-2008) Wheels & Brakes Coverage Has Forester Gen2 XT Front Rotors (294mm)
00:08 +97 -3: C:/Users/jakej/Documents/GitHub/Subaru.specs.n.parts/test/data/seed/specs_forester_gen2_coverage_test.dart: Forester Gen 2 (2003-2008) Wheels & Brakes Coverage Has Forester Gen2 Battery (Group 35)
00:08 +98 -3: C:/Users/jakej/Documents/GitHub/Subaru.specs.n.parts/test/data/seed/specs_forester_gen2_coverage_test.dart: Forester Gen 2 (2003-2008) Wheels & Brakes Coverage (tearDownAll)
00:08 +98 -3: C:/Users/jakej/Documents/GitHub/Subaru.specs.n.parts/test/data/seed/specs_forester_gen2_coverage_test.dart: Forester Gen 2 (2003-2008) Maintenance & Misc Coverage (setUpAll)
00:08 +98 -3: C:/Users/jakej/Documents/GitHub/Subaru.specs.n.parts/test/data/seed/specs_forester_gen2_coverage_test.dart: Forester Gen 2 (2003-2008) Maintenance & Misc Coverage Has Forester Gen2 Oil Filter (AA100)
00:08 +99 -3: C:/Users/jakej/Documents/GitHub/Subaru.specs.n.parts/test/data/seed/specs_forester_gen2_coverage_test.dart: Forester Gen 2 (2003-2008) Maintenance & Misc Coverage Has Forester Gen2 Timing Belt (105k)
00:08 +100 -3: C:/Users/jakej/Documents/GitHub/Subaru.specs.n.parts/test/data/seed/specs_forester_gen2_coverage_test.dart: Forester Gen 2 (2003-2008) Maintenance & Misc Coverage Has Forester Gen2 Fuel Tank (15.9 gal)
00:08 +101 -3: C:/Users/jakej/Documents/GitHub/Subaru.specs.n.parts/test/data/seed/specs_forester_gen2_coverage_test.dart: Forester Gen 2 (2003-2008) Maintenance & Misc Coverage Has Forester Gen2 X/XS Tires (16")
00:08 +102 -3: C:/Users/jakej/Documents/GitHub/Subaru.specs.n.parts/test/data/seed/specs_forester_gen2_coverage_test.dart: Forester Gen 2 (2003-2008) Maintenance & Misc Coverage Has Forester Gen2 Headlight (H1)
00:08 +102 -4: C:/Users/jakej/Documents/GitHub/Subaru.specs.n.parts/test/data/seed/specs_forester_gen2_coverage_test.dart: Forester Gen 2 (2003-2008) Maintenance & Misc Coverage Has Forester Gen2 Headlight (H1) [E]
  Expected: not null
    Actual: <null>
  Missing s_bulb_headlight_for_gen2
  
  package:matcher                                              expect
  package:flutter_test/src/widget_tester.dart 473:18           expect
  test\data\seed\specs_forester_gen2_coverage_test.dart 200:7  main.<fn>.<fn>
  
00:08 +102 -4: C:/Users/jakej/Documents/GitHub/Subaru.specs.n.parts/test/data/seed/specs_forester_gen2_coverage_test.dart: Forester Gen 2 (2003-2008) Maintenance & Misc Coverage (tearDownAll)
00:08 +102 -4: C:/Users/jakej/Documents/GitHub/Subaru.specs.n.parts/test/data/seed/specs_forester_gen3_coverage_test.dart: Forester Gen 3 (2009-2013) Coverage Specs (setUpAll)
00:08 +102 -4: C:/Users/jakej/Documents/GitHub/Subaru.specs.n.parts/test/data/seed/specs_forester_gen3_coverage_test.dart: Forester Gen 3 (2009-2013) Coverage Specs Has Forester Gen3 Oil Capacities (EJ & FB)
00:08 +103 -4: C:/Users/jakej/Documents/GitHub/Subaru.specs.n.parts/test/data/seed/specs_forester_gen3_coverage_test.dart: Forester Gen 3 (2009-2013) Coverage Specs Has Forester Gen3 Coolant Capacity
00:08 +104 -4: C:/Users/jakej/Documents/GitHub/Subaru.specs.n.parts/test/data/seed/specs_forester_gen3_coverage_test.dart: Forester Gen 3 (2009-2013) Coverage Specs Has Forester Gen3 Transmission Capacities (5MT & 4EAT)
00:08 +105 -4: C:/Users/jakej/Documents/GitHub/Subaru.specs.n.parts/test/data/seed/specs_forester_gen3_coverage_test.dart: Forester Gen 3 (2009-2013) Coverage Specs Has Forester Gen3 Spark Plugs
00:08 +106 -4: C:/Users/jakej/Documents/GitHub/Subaru.specs.n.parts/test/data/seed/specs_forester_gen3_coverage_test.dart: Forester Gen 3 (2009-2013) Coverage Specs (tearDownAll)
00:08 +106 -4: C:/Users/jakej/Documents/GitHub/Subaru.specs.n.parts/test/data/seed/specs_forester_gen3_coverage_test.dart: Forester Gen 3 (2009-2013) Wheels & Brakes Coverage (setUpAll)
00:08 +106 -4: C:/Users/jakej/Documents/GitHub/Subaru.specs.n.parts/test/data/seed/specs_forester_gen3_coverage_test.dart: Forester Gen 3 (2009-2013) Wheels & Brakes Coverage Has Forester Gen3 Bolt Pattern (5x100)
00:08 +107 -4: C:/Users/jakej/Documents/GitHub/Subaru.specs.n.parts/test/data/seed/specs_forester_gen3_coverage_test.dart: Forester Gen 3 (2009-2013) Wheels & Brakes Coverage Has Forester Gen3 Brakes (Front & Rear)
00:08 +108 -4: C:/Users/jakej/Documents/GitHub/Subaru.specs.n.parts/test/data/seed/specs_forester_gen3_coverage_test.dart: Forester Gen 3 (2009-2013) Wheels & Brakes Coverage Has Forester Gen3 Battery (Group 35)
00:08 +109 -4: C:/Users/jakej/Documents/GitHub/Subaru.specs.n.parts/test/data/seed/specs_forester_gen3_coverage_test.dart: Forester Gen 3 (2009-2013) Wheels & Brakes Coverage (tearDownAll)
00:08 +109 -4: C:/Users/jakej/Documents/GitHub/Subaru.specs.n.parts/test/data/seed/specs_forester_gen3_coverage_test.dart: Forester Gen 3 (2009-2013) Maintenance & Misc Coverage (setUpAll)
00:08 +109 -4: C:/Users/jakej/Documents/GitHub/Subaru.specs.n.parts/test/data/seed/specs_forester_gen3_coverage_test.dart: Forester Gen 3 (2009-2013) Maintenance & Misc Coverage Has Forester Gen3 Oil Filter (AA160 for FB)
00:08 +110 -4: C:/Users/jakej/Documents/GitHub/Subaru.specs.n.parts/test/data/seed/specs_forester_gen3_coverage_test.dart: Forester Gen 3 (2009-2013) Maintenance & Misc Coverage Has Forester Gen3 Cabin Filter (FG000)
00:08 +111 -4: C:/Users/jakej/Documents/GitHub/Subaru.specs.n.parts/test/data/seed/specs_forester_gen3_coverage_test.dart: Forester Gen 3 (2009-2013) Maintenance & Misc Coverage Has Forester Gen3 Timing Belt/Chain Note
00:08 +112 -4: C:/Users/jakej/Documents/GitHub/Subaru.specs.n.parts/test/data/seed/specs_forester_gen3_coverage_test.dart: Forester Gen 3 (2009-2013) Maintenance & Misc Coverage Has Forester Gen3 Fuel Tank (15.9 gal)
00:08 +113 -4: C:/Users/jakej/Documents/GitHub/Subaru.specs.n.parts/test/data/seed/specs_forester_gen3_coverage_test.dart: Forester Gen 3 (2009-2013) Maintenance & Misc Coverage Has Forester Gen3 Tires (17")
00:08 +114 -4: C:/Users/jakej/Documents/GitHub/Subaru.specs.n.parts/test/data/seed/specs_forester_gen3_coverage_test.dart: Forester Gen 3 (2009-2013) Maintenance & Misc Coverage Has Forester Gen3 Headlight (H11)
00:08 +114 -5: C:/Users/jakej/Documents/GitHub/Subaru.specs.n.parts/test/data/seed/specs_forester_gen3_coverage_test.dart: Forester Gen 3 (2009-2013) Maintenance & Misc Coverage Has Forester Gen3 Headlight (H11) [E]
  Bad state: No element
  dart:collection                                               ListBase.firstWhere
  test\data\seed\specs_forester_gen3_coverage_test.dart 172:30  main.<fn>.<fn>
  
00:08 +114 -5: C:/Users/jakej/Documents/GitHub/Subaru.specs.n.parts/test/data/seed/specs_forester_gen3_coverage_test.dart: Forester Gen 3 (2009-2013) Maintenance & Misc Coverage Has Forester Gen3 Fog Light (H11)
00:08 +115 -5: C:/Users/jakej/Documents/GitHub/Subaru.specs.n.parts/test/data/seed/specs_forester_gen3_coverage_test.dart: Forester Gen 3 (2009-2013) Maintenance & Misc Coverage (tearDownAll)
00:09 +115 -5: C:/Users/jakej/Documents/GitHub/Subaru.specs.n.parts/test/data/seed/specs_format_audit_test.dart: Spec Auditor: Comprehensive Format Consistency (setUpAll)
00:09 +115 -5: C:/Users/jakej/Documents/GitHub/Subaru.specs.n.parts/test/data/seed/specs_format_audit_test.dart: Spec Auditor: Comprehensive Format Consistency Torque specs: strict "X ft-lbs (Y Nm)" format
00:09 +116 -5: C:/Users/jakej/Documents/GitHub/Subaru.specs.n.parts/test/data/seed/specs_format_audit_test.dart: Spec Auditor: Comprehensive Format Consistency Oil Capacity specs: strict "X Liters (Y Quarts)" format
00:09 +116 -6: C:/Users/jakej/Documents/GitHub/Subaru.specs.n.parts/test/data/seed/specs_format_audit_test.dart: Spec Auditor: Comprehensive Format Consistency Oil Capacity specs: strict "X Liters (Y Quarts)" format [E]
  Expected: true
    Actual: <false>
  [s_oil_EF12] Oil Capacity format fail: "3.2 Quarts (3.0 Liters) with filter."
  
  package:matcher                                     expect
  package:flutter_test/src/widget_tester.dart 473:18  expect
  test\data\seed\specs_format_audit_test.dart 58:9    main.<fn>.<fn>
  
00:09 +116 -6: C:/Users/jakej/Documents/GitHub/Subaru.specs.n.parts/test/data/seed/specs_format_audit_test.dart: Spec Auditor: Comprehensive Format Consistency Wiper specs: dot-separated sentence format
00:09 +117 -6: C:/Users/jakej/Documents/GitHub/Subaru.specs.n.parts/test/data/seed/specs_format_audit_test.dart: Spec Auditor: Comprehensive Format Consistency Spark Plug specs: Gap must include metric
00:09 +118 -6: C:/Users/jakej/Documents/GitHub/Subaru.specs.n.parts/test/data/seed/specs_format_audit_test.dart: Spec Auditor: Comprehensive Format Consistency Alignment specs: Degrees must use ┬░ symbol
00:09 +119 -6: C:/Users/jakej/Documents/GitHub/Subaru.specs.n.parts/test/data/seed/specs_format_audit_test.dart: Spec Auditor: Comprehensive Format Consistency Bolt Pattern specs: consistent X├ùY format
00:09 +120 -6: C:/Users/jakej/Documents/GitHub/Subaru.specs.n.parts/test/data/seed/specs_format_audit_test.dart: Spec Auditor: Comprehensive Format Consistency No trailing whitespace in spec bodies
00:09 +121 -6: C:/Users/jakej/Documents/GitHub/Subaru.specs.n.parts/test/data/seed/specs_format_audit_test.dart: Spec Auditor: Comprehensive Format Consistency All specs have required fields (id, category, title, body)
00:09 +122 -6: C:/Users/jakej/Documents/GitHub/Subaru.specs.n.parts/test/data/seed/specs_format_audit_test.dart: Spec Auditor: Comprehensive Format Consistency No duplicate spec IDs
00:09 +122 -7: C:/Users/jakej/Documents/GitHub/Subaru.specs.n.parts/test/data/seed/specs_format_audit_test.dart: Spec Auditor: Comprehensive Format Consistency No duplicate spec IDs [E]
  Expected: false
    Actual: <true>
  Duplicate spec ID: s_fuel_tank_legacy_gen1
  
  package:matcher                                     expect
  package:flutter_test/src/widget_tester.dart 473:18  expect
  test\data\seed\specs_format_audit_test.dart 182:9   main.<fn>.<fn>
  
00:09 +122 -7: C:/Users/jakej/Documents/GitHub/Subaru.specs.n.parts/test/data/seed/specs_format_audit_test.dart: Spec Auditor: Comprehensive Format Consistency All spec IDs are descriptive (not just sNN)
00:09 +123 -7: C:/Users/jakej/Documents/GitHub/Subaru.specs.n.parts/test/data/seed/specs_format_audit_test.dart: Spec Auditor: Comprehensive Format Consistency Category names use spaces, not underscores
00:09 +124 -7: C:/Users/jakej/Documents/GitHub/Subaru.specs.n.parts/test/data/seed/specs_format_audit_test.dart: Spec Auditor: Comprehensive Format Consistency Tags use comma-only separation (no spaces)
00:09 +125 -7: C:/Users/jakej/Documents/GitHub/Subaru.specs.n.parts/test/data/seed/specs_format_audit_test.dart: Spec Auditor: Comprehensive Format Consistency Dates use ISO 8601 format with Z suffix
00:09 +126 -7: C:/Users/jakej/Documents/GitHub/Subaru.specs.n.parts/test/data/seed/specs_format_audit_test.dart: Spec Auditor: Comprehensive Format Consistency All spec IDs start with s_ prefix
00:09 +127 -7: C:/Users/jakej/Documents/GitHub/Subaru.specs.n.parts/test/data/seed/specs_format_audit_test.dart: Spec Auditor: Comprehensive Format Consistency No double spaces in body text
00:09 +128 -7: C:/Users/jakej/Documents/GitHub/Subaru.specs.n.parts/test/data/seed/specs_format_audit_test.dart: Spec Auditor: Comprehensive Format Consistency All titles start with uppercase letter
00:09 +129 -7: C:/Users/jakej/Documents/GitHub/Subaru.specs.n.parts/test/data/seed/specs_format_audit_test.dart: Spec Auditor: Comprehensive Format Consistency All specs have at least one tag
00:09 +130 -7: C:/Users/jakej/Documents/GitHub/Subaru.specs.n.parts/test/data/seed/specs_format_audit_test.dart: Spec Auditor: Comprehensive Format Consistency (tearDownAll)
00:09 +130 -7: C:/Users/jakej/Documents/GitHub/Subaru.specs.n.parts/test/data/seed/specs_impreza_gen1_coverage_test.dart: Impreza Gen 1 (1993-2001) Coverage Specs (setUpAll)
00:09 +130 -7: C:/Users/jakej/Documents/GitHub/Subaru.specs.n.parts/test/data/seed/specs_impreza_gen1_coverage_test.dart: Impreza Gen 1 (1993-2001) Coverage Specs Has Impreza Gen1 (EJ18) Oil Capacity
00:09 +131 -7: C:/Users/jakej/Documents/GitHub/Subaru.specs.n.parts/test/data/seed/specs_impreza_gen1_coverage_test.dart: Impreza Gen 1 (1993-2001) Coverage Specs Has Impreza Gen1 (EJ22) Oil Capacity
00:09 +132 -7: C:/Users/jakej/Documents/GitHub/Subaru.specs.n.parts/test/data/seed/specs_impreza_gen1_coverage_test.dart: Impreza Gen 1 (1993-2001) Coverage Specs Has Impreza Gen1 Coolant Capacity
00:09 +133 -7: C:/Users/jakej/Documents/GitHub/Subaru.specs.n.parts/test/data/seed/specs_impreza_gen1_coverage_test.dart: Impreza Gen 1 (1993-2001) Coverage Specs Has Impreza Gen1 (4EAT) ATF Capacity
00:09 +134 -7: C:/Users/jakej/Documents/GitHub/Subaru.specs.n.parts/test/data/seed/specs_impreza_gen1_coverage_test.dart: Impreza Gen 1 (1993-2001) Coverage Specs (tearDownAll)
00:09 +134 -7: C:/Users/jakej/Documents/GitHub/Subaru.specs.n.parts/test/data/seed/specs_impreza_gen1_coverage_test.dart: Impreza Gen 1 (1993-2001) Wheels & Hardware Coverage (setUpAll)
00:09 +134 -7: C:/Users/jakej/Documents/GitHub/Subaru.specs.n.parts/test/data/seed/specs_impreza_gen1_coverage_test.dart: Impreza Gen 1 (1993-2001) Wheels & Hardware Coverage Has Impreza Gen1 Bolt Pattern (5x100)
00:09 +135 -7: C:/Users/jakej/Documents/GitHub/Subaru.specs.n.parts/test/data/seed/specs_impreza_gen1_coverage_test.dart: Impreza Gen 1 (1993-2001) Wheels & Hardware Coverage Has Impreza Gen1 Lug Nut Torque
00:09 +136 -7: C:/Users/jakej/Documents/GitHub/Subaru.specs.n.parts/test/data/seed/specs_impreza_gen1_coverage_test.dart: Impreza Gen 1 (1993-2001) Wheels & Hardware Coverage Has Impreza Gen1 Front Brake Rotors (260mm)
00:09 +137 -7: C:/Users/jakej/Documents/GitHub/Subaru.specs.n.parts/test/data/seed/specs_impreza_gen1_coverage_test.dart: Impreza Gen 1 (1993-2001) Wheels & Hardware Coverage Has Impreza Gen1 Spark Plug Gap
00:09 +138 -7: C:/Users/jakej/Documents/GitHub/Subaru.specs.n.parts/test/data/seed/specs_impreza_gen1_coverage_test.dart: Impreza Gen 1 (1993-2001) Wheels & Hardware Coverage (tearDownAll)
00:09 +138 -7: C:/Users/jakej/Documents/GitHub/Subaru.specs.n.parts/test/data/seed/specs_impreza_gen1_coverage_test.dart: Impreza Gen 1 (1993-2001) Maintenance & Electrical Coverage (setUpAll)
00:09 +138 -7: C:/Users/jakej/Documents/GitHub/Subaru.specs.n.parts/test/data/seed/specs_impreza_gen1_coverage_test.dart: Impreza Gen 1 (1993-2001) Maintenance & Electrical Coverage Has Impreza Gen1 Oil Filter (15208AA12A)
00:09 +139 -7: C:/Users/jakej/Documents/GitHub/Subaru.specs.n.parts/test/data/seed/specs_impreza_gen1_coverage_test.dart: Impreza Gen 1 (1993-2001) Maintenance & Electrical Coverage Has Impreza Gen1 Air Filter (16546AA150)
00:09 +140 -7: C:/Users/jakej/Documents/GitHub/Subaru.specs.n.parts/test/data/seed/specs_impreza_gen1_coverage_test.dart: Impreza Gen 1 (1993-2001) Maintenance & Electrical Coverage Has Impreza Gen1 Timing Belt (60k)
00:09 +141 -7: C:/Users/jakej/Documents/GitHub/Subaru.specs.n.parts/test/data/seed/specs_impreza_gen1_coverage_test.dart: Impreza Gen 1 (1993-2001) Maintenance & Electrical Coverage Has Impreza Gen1 Battery (Group 35)
00:09 +142 -7: C:/Users/jakej/Documents/GitHub/Subaru.specs.n.parts/test/data/seed/specs_impreza_gen1_coverage_test.dart: Impreza Gen 1 (1993-2001) Maintenance & Electrical Coverage Has Impreza Gen1 Alternator (80A)
00:09 +143 -7: C:/Users/jakej/Documents/GitHub/Subaru.specs.n.parts/test/data/seed/specs_impreza_gen1_coverage_test.dart: Impreza Gen 1 (1993-2001) Maintenance & Electrical Coverage (tearDownAll)
00:09 +143 -7: C:/Users/jakej/Documents/GitHub/Subaru.specs.n.parts/test/data/seed/specs_impreza_gen1_coverage_test.dart: Impreza Gen 1 (1993-2001) Lighting & Fuel Coverage (setUpAll)
00:09 +143 -7: C:/Users/jakej/Documents/GitHub/Subaru.specs.n.parts/test/data/seed/specs_impreza_gen1_coverage_test.dart: Impreza Gen 1 (1993-2001) Lighting & Fuel Coverage Has Impreza Gen1 Fuel Tank (13.2 gal)
00:09 +144 -7: C:/Users/jakej/Documents/GitHub/Subaru.specs.n.parts/test/data/seed/specs_impreza_gen1_coverage_test.dart: Impreza Gen 1 (1993-2001) Lighting & Fuel Coverage Has Impreza Gen1 Stock Tire Size (13")
00:09 +145 -7: C:/Users/jakej/Documents/GitHub/Subaru.specs.n.parts/test/data/seed/specs_impreza_gen1_coverage_test.dart: Impreza Gen 1 (1993-2001) Lighting & Fuel Coverage Has Impreza Gen1 Headlight Bulb (H4)
00:09 +145 -8: C:/Users/jakej/Documents/GitHub/Subaru.specs.n.parts/test/data/seed/specs_impreza_gen1_coverage_test.dart: Impreza Gen 1 (1993-2001) Lighting & Fuel Coverage Has Impreza Gen1 Headlight Bulb (H4) [E]
  Expected: not null
    Actual: <null>
  Missing s_bulb_headlight_impreza_gen1
  
  package:matcher                                             expect
  package:flutter_test/src/widget_tester.dart 473:18          expect
  test\data\seed\specs_impreza_gen1_coverage_test.dart 254:7  main.<fn>.<fn>
  
00:09 +145 -8: C:/Users/jakej/Documents/GitHub/Subaru.specs.n.parts/test/data/seed/specs_impreza_gen1_coverage_test.dart: Impreza Gen 1 (1993-2001) Lighting & Fuel Coverage Has Impreza Gen1 Tail Light Bulb (1157)
00:09 +146 -8: C:/Users/jakej/Documents/GitHub/Subaru.specs.n.parts/test/data/seed/specs_impreza_gen1_coverage_test.dart: Impreza Gen 1 (1993-2001) Lighting & Fuel Coverage (tearDownAll)
00:09 +146 -8: C:/Users/jakej/Documents/GitHub/Subaru.specs.n.parts/test/data/seed/specs_impreza_gen2_coverage_test.dart: Impreza Gen 2 (2002-2007) Coverage Specs (setUpAll)
00:09 +146 -8: C:/Users/jakej/Documents/GitHub/Subaru.specs.n.parts/test/data/seed/specs_impreza_gen2_coverage_test.dart: Impreza Gen 2 (2002-2007) Coverage Specs Has Impreza Gen2 (EJ25 NA) Oil Capacity
00:09 +147 -8: C:/Users/jakej/Documents/GitHub/Subaru.specs.n.parts/test/data/seed/specs_impreza_gen2_coverage_test.dart: Impreza Gen 2 (2002-2007) Coverage Specs Has Impreza Gen2 Coolant Capacity
00:09 +148 -8: C:/Users/jakej/Documents/GitHub/Subaru.specs.n.parts/test/data/seed/specs_impreza_gen2_coverage_test.dart: Impreza Gen 2 (2002-2007) Coverage Specs Has Impreza Gen2 (5MT) Fluid Capacity
00:09 +149 -8: C:/Users/jakej/Documents/GitHub/Subaru.specs.n.parts/test/data/seed/specs_impreza_gen2_coverage_test.dart: Impreza Gen 2 (2002-2007) Coverage Specs Has Impreza Gen2 Spark Plugs
00:09 +150 -8: C:/Users/jakej/Documents/GitHub/Subaru.specs.n.parts/test/data/seed/specs_impreza_gen2_coverage_test.dart: Impreza Gen 2 (2002-2007) Coverage Specs (tearDownAll)
00:09 +150 -8: C:/Users/jakej/Documents/GitHub/Subaru.specs.n.parts/test/data/seed/specs_impreza_gen2_coverage_test.dart: Impreza Gen 2 (2002-2007) Wheels & Brakes Coverage (setUpAll)
00:09 +150 -8: C:/Users/jakej/Documents/GitHub/Subaru.specs.n.parts/test/data/seed/specs_impreza_gen2_coverage_test.dart: Impreza Gen 2 (2002-2007) Wheels & Brakes Coverage Has Impreza Gen2 Bolt Pattern (5x100)
00:09 +151 -8: C:/Users/jakej/Documents/GitHub/Subaru.specs.n.parts/test/data/seed/specs_impreza_gen2_coverage_test.dart: Impreza Gen 2 (2002-2007) Wheels & Brakes Coverage Has Impreza Gen2 Front Rotors (277mm)
00:09 +152 -8: C:/Users/jakej/Documents/GitHub/Subaru.specs.n.parts/test/data/seed/specs_impreza_gen2_coverage_test.dart: Impreza Gen 2 (2002-2007) Wheels & Brakes Coverage Has Impreza Gen2 Battery (Group 35)
00:09 +153 -8: C:/Users/jakej/Documents/GitHub/Subaru.specs.n.parts/test/data/seed/specs_impreza_gen2_coverage_test.dart: Impreza Gen 2 (2002-2007) Wheels & Brakes Coverage (tearDownAll)
00:09 +153 -8: C:/Users/jakej/Documents/GitHub/Subaru.specs.n.parts/test/data/seed/specs_impreza_gen2_coverage_test.dart: Impreza Gen 2 (2002-2007) Maintenance & Misc Coverage (setUpAll)
00:09 +153 -8: C:/Users/jakej/Documents/GitHub/Subaru.specs.n.parts/test/data/seed/specs_impreza_gen2_coverage_test.dart: Impreza Gen 2 (2002-2007) Maintenance & Misc Coverage Has Impreza Gen2 Oil Filter (AA100)
00:09 +154 -8: C:/Users/jakej/Documents/GitHub/Subaru.specs.n.parts/test/data/seed/specs_impreza_gen2_coverage_test.dart: Impreza Gen 2 (2002-2007) Maintenance & Misc Coverage Has Impreza Gen2 Timing Belt (105k)
00:09 +155 -8: C:/Users/jakej/Documents/GitHub/Subaru.specs.n.parts/test/data/seed/specs_impreza_gen2_coverage_test.dart: Impreza Gen 2 (2002-2007) Maintenance & Misc Coverage Has Impreza Gen2 Fuel Tank (13.2 gal)
00:09 +156 -8: C:/Users/jakej/Documents/GitHub/Subaru.specs.n.parts/test/data/seed/specs_impreza_gen2_coverage_test.dart: Impreza Gen 2 (2002-2007) Maintenance & Misc Coverage Has Impreza Gen2 RS Tires (16")
00:09 +157 -8: C:/Users/jakej/Documents/GitHub/Subaru.specs.n.parts/test/data/seed/specs_impreza_gen2_coverage_test.dart: Impreza Gen 2 (2002-2007) Maintenance & Misc Coverage Has Impreza Gen2 Headlight (9007)
00:09 +157 -9: C:/Users/jakej/Documents/GitHub/Subaru.specs.n.parts/test/data/seed/specs_impreza_gen2_coverage_test.dart: Impreza Gen 2 (2002-2007) Maintenance & Misc Coverage Has Impreza Gen2 Headlight (9007) [E]
  Expected: not null
    Actual: <null>
  Missing s_bulb_headlight_imp_gen2
  
  package:matcher                                             expect
  package:flutter_test/src/widget_tester.dart 473:18          expect
  test\data\seed\specs_impreza_gen2_coverage_test.dart 179:7  main.<fn>.<fn>
  
00:09 +157 -9: C:/Users/jakej/Documents/GitHub/Subaru.specs.n.parts/test/data/seed/specs_impreza_gen2_coverage_test.dart: Impreza Gen 2 (2002-2007) Maintenance & Misc Coverage (tearDownAll)
00:10 +157 -9: C:/Users/jakej/Documents/GitHub/Subaru.specs.n.parts/test/data/seed/specs_impreza_gen3_coverage_test.dart: Impreza Gen 3 (2008-2011) Coverage Specs (setUpAll)
00:10 +157 -9: C:/Users/jakej/Documents/GitHub/Subaru.specs.n.parts/test/data/seed/specs_impreza_gen3_coverage_test.dart: Impreza Gen 3 (2008-2011) Coverage Specs Has Impreza Gen3 Oil Capacities (NA, WRX, STI)
00:10 +158 -9: C:/Users/jakej/Documents/GitHub/Subaru.specs.n.parts/test/data/seed/specs_impreza_gen3_coverage_test.dart: Impreza Gen 3 (2008-2011) Coverage Specs Has Impreza Gen3 Coolant Capacity
00:10 +159 -9: C:/Users/jakej/Documents/GitHub/Subaru.specs.n.parts/test/data/seed/specs_impreza_gen3_coverage_test.dart: Impreza Gen 3 (2008-2011) Coverage Specs Has Impreza Gen3 Transmission Capacities (5MT & 6MT)
00:10 +160 -9: C:/Users/jakej/Documents/GitHub/Subaru.specs.n.parts/test/data/seed/specs_impreza_gen3_coverage_test.dart: Impreza Gen 3 (2008-2011) Coverage Specs Has Impreza Gen3 Spark Plugs
00:10 +161 -9: C:/Users/jakej/Documents/GitHub/Subaru.specs.n.parts/test/data/seed/specs_impreza_gen3_coverage_test.dart: Impreza Gen 3 (2008-2011) Coverage Specs (tearDownAll)
00:10 +161 -9: C:/Users/jakej/Documents/GitHub/Subaru.specs.n.parts/test/data/seed/specs_impreza_gen3_coverage_test.dart: Impreza Gen 3 (2008-2011) Wheels & Brakes Coverage (setUpAll)
00:10 +161 -9: C:/Users/jakej/Documents/GitHub/Subaru.specs.n.parts/test/data/seed/specs_impreza_gen3_coverage_test.dart: Impreza Gen 3 (2008-2011) Wheels & Brakes Coverage Has Impreza Gen3 Bolt Patterns (5x100 & 5x114.3)
00:10 +162 -9: C:/Users/jakej/Documents/GitHub/Subaru.specs.n.parts/test/data/seed/specs_impreza_gen3_coverage_test.dart: Impreza Gen 3 (2008-2011) Wheels & Brakes Coverage Has Impreza Gen3 Brakes (NA, WRX, STI)
00:10 +163 -9: C:/Users/jakej/Documents/GitHub/Subaru.specs.n.parts/test/data/seed/specs_impreza_gen3_coverage_test.dart: Impreza Gen 3 (2008-2011) Wheels & Brakes Coverage Has Impreza Gen3 Battery (Group 35)
00:10 +164 -9: C:/Users/jakej/Documents/GitHub/Subaru.specs.n.parts/test/data/seed/specs_impreza_gen3_coverage_test.dart: Impreza Gen 3 (2008-2011) Wheels & Brakes Coverage (tearDownAll)
00:10 +164 -9: C:/Users/jakej/Documents/GitHub/Subaru.specs.n.parts/test/data/seed/specs_impreza_gen3_coverage_test.dart: Impreza Gen 3 (2008-2011) Maintenance & Misc Coverage (setUpAll)
00:10 +164 -9: C:/Users/jakej/Documents/GitHub/Subaru.specs.n.parts/test/data/seed/specs_impreza_gen3_coverage_test.dart: Impreza Gen 3 (2008-2011) Maintenance & Misc Coverage Has Impreza Gen3 Oil Filter
00:10 +165 -9: C:/Users/jakej/Documents/GitHub/Subaru.specs.n.parts/test/data/seed/specs_impreza_gen3_coverage_test.dart: Impreza Gen 3 (2008-2011) Maintenance & Misc Coverage Has Impreza Gen3 Cabin Filter (FG000)
00:10 +166 -9: C:/Users/jakej/Documents/GitHub/Subaru.specs.n.parts/test/data/seed/specs_impreza_gen3_coverage_test.dart: Impreza Gen 3 (2008-2011) Maintenance & Misc Coverage Has Impreza Gen3 Timing Belt (105k)
00:10 +167 -9: C:/Users/jakej/Documents/GitHub/Subaru.specs.n.parts/test/data/seed/specs_impreza_gen3_coverage_test.dart: Impreza Gen 3 (2008-2011) Maintenance & Misc Coverage Has Impreza Gen3 Fuel Tank (16.9 gal)
00:10 +168 -9: C:/Users/jakej/Documents/GitHub/Subaru.specs.n.parts/test/data/seed/specs_impreza_gen3_coverage_test.dart: Impreza Gen 3 (2008-2011) Maintenance & Misc Coverage Has Impreza Gen3 WRX Tires (17")
00:10 +169 -9: C:/Users/jakej/Documents/GitHub/Subaru.specs.n.parts/test/data/seed/specs_impreza_gen3_coverage_test.dart: Impreza Gen 3 (2008-2011) Maintenance & Misc Coverage Has Impreza Gen3 Headlight (H11)
00:10 +170 -9: C:/Users/jakej/Documents/GitHub/Subaru.specs.n.parts/test/data/seed/specs_impreza_gen3_coverage_test.dart: Impreza Gen 3 (2008-2011) Maintenance & Misc Coverage Has Impreza Gen3 Fog Light (H11)
00:10 +171 -9: C:/Users/jakej/Documents/GitHub/Subaru.specs.n.parts/test/data/seed/specs_impreza_gen3_coverage_test.dart: Impreza Gen 3 (2008-2011) Maintenance & Misc Coverage (tearDownAll)
00:10 +171 -9: C:/Users/jakej/Documents/GitHub/Subaru.specs.n.parts/test/data/seed/specs_legacy_coverage_test.dart: Legacy 1990 Coverage Specs (setUpAll)
00:10 +171 -9: C:/Users/jakej/Documents/GitHub/Subaru.specs.n.parts/test/data/seed/specs_legacy_coverage_test.dart: Legacy 1990 Coverage Specs Has Legacy Gen1 (EJ22) Oil Capacity
00:10 +172 -9: C:/Users/jakej/Documents/GitHub/Subaru.specs.n.parts/test/data/seed/specs_legacy_coverage_test.dart: Legacy 1990 Coverage Specs Has Legacy Gen1 (EJ22) Oil Viscosity
00:10 +173 -9: C:/Users/jakej/Documents/GitHub/Subaru.specs.n.parts/test/data/seed/specs_legacy_coverage_test.dart: Legacy 1990 Coverage Specs Has Legacy Gen1 Coolant Capacity
00:10 +174 -9: C:/Users/jakej/Documents/GitHub/Subaru.specs.n.parts/test/data/seed/specs_legacy_coverage_test.dart: Legacy 1990 Coverage Specs Has Legacy Gen1 Coolant Type
00:10 +175 -9: C:/Users/jakej/Documents/GitHub/Subaru.specs.n.parts/test/data/seed/specs_legacy_coverage_test.dart: Legacy 1990 Coverage Specs Has Legacy Gen1 (4EAT) ATF Capacity
00:10 +176 -9: C:/Users/jakej/Documents/GitHub/Subaru.specs.n.parts/test/data/seed/specs_legacy_coverage_test.dart: Legacy 1990 Coverage Specs (tearDownAll)
00:10 +176 -9: C:/Users/jakej/Documents/GitHub/Subaru.specs.n.parts/test/data/seed/specs_legacy_coverage_test.dart: Legacy 1990 Wheels & Brakes Coverage (setUpAll)
00:10 +176 -9: C:/Users/jakej/Documents/GitHub/Subaru.specs.n.parts/test/data/seed/specs_legacy_coverage_test.dart: Legacy 1990 Wheels & Brakes Coverage Has Legacy Gen1 Wheel Bolt Pattern (5x100)
00:10 +177 -9: C:/Users/jakej/Documents/GitHub/Subaru.specs.n.parts/test/data/seed/specs_legacy_coverage_test.dart: Legacy 1990 Wheels & Brakes Coverage Has Legacy Gen1 Lug Nut Torque
00:10 +178 -9: C:/Users/jakej/Documents/GitHub/Subaru.specs.n.parts/test/data/seed/specs_legacy_coverage_test.dart: Legacy 1990 Wheels & Brakes Coverage Has Legacy Gen1 Turbo Front Brake Rotors
00:10 +179 -9: C:/Users/jakej/Documents/GitHub/Subaru.specs.n.parts/test/data/seed/specs_legacy_coverage_test.dart: Legacy 1990 Wheels & Brakes Coverage (tearDownAll)
00:10 +179 -9: C:/Users/jakej/Documents/GitHub/Subaru.specs.n.parts/test/data/seed/specs_legacy_coverage_test.dart: Legacy 1990 Drivetrain & Electrical Coverage (setUpAll)
00:10 +179 -9: C:/Users/jakej/Documents/GitHub/Subaru.specs.n.parts/test/data/seed/specs_legacy_coverage_test.dart: Legacy 1990 Drivetrain & Electrical Coverage Has Legacy Gen1 Spark Plug Gap (0.039-0.043")
00:10 +180 -9: C:/Users/jakej/Documents/GitHub/Subaru.specs.n.parts/test/data/seed/specs_legacy_coverage_test.dart: Legacy 1990 Drivetrain & Electrical Coverage Has Legacy Gen1 Differential Ratios (4.11 and 3.90)
00:10 +181 -9: C:/Users/jakej/Documents/GitHub/Subaru.specs.n.parts/test/data/seed/specs_legacy_coverage_test.dart: Legacy 1990 Drivetrain & Electrical Coverage (tearDownAll)
00:10 +181 -9: C:/Users/jakej/Documents/GitHub/Subaru.specs.n.parts/test/data/seed/specs_legacy_coverage_test.dart: Legacy 1990 Filters & Maintenance Coverage (setUpAll)
00:10 +181 -9: C:/Users/jakej/Documents/GitHub/Subaru.specs.n.parts/test/data/seed/specs_legacy_coverage_test.dart: Legacy 1990 Filters & Maintenance Coverage Has Legacy Gen1 Oil Filter (15208AA12A)
00:10 +182 -9: C:/Users/jakej/Documents/GitHub/Subaru.specs.n.parts/test/data/seed/specs_legacy_coverage_test.dart: Legacy 1990 Filters & Maintenance Coverage Has Legacy Gen1 Timing Belt Interval (60k)
00:10 +183 -9: C:/Users/jakej/Documents/GitHub/Subaru.specs.n.parts/test/data/seed/specs_legacy_coverage_test.dart: Legacy 1990 Filters & Maintenance Coverage (tearDownAll)
00:10 +183 -9: C:/Users/jakej/Documents/GitHub/Subaru.specs.n.parts/test/data/seed/specs_legacy_coverage_test.dart: Legacy 1990 Tires & Electrical Coverage (setUpAll)
00:10 +183 -9: C:/Users/jakej/Documents/GitHub/Subaru.specs.n.parts/test/data/seed/specs_legacy_coverage_test.dart: Legacy 1990 Tires & Electrical Coverage Has Legacy Gen1 Stock Tire Size (185/70R14)
00:10 +184 -9: C:/Users/jakej/Documents/GitHub/Subaru.specs.n.parts/test/data/seed/specs_legacy_coverage_test.dart: Legacy 1990 Tires & Electrical Coverage Has Legacy Gen1 Battery Group (35)
00:10 +185 -9: C:/Users/jakej/Documents/GitHub/Subaru.specs.n.parts/test/data/seed/specs_legacy_coverage_test.dart: Legacy 1990 Tires & Electrical Coverage Has Legacy Gen1 Alternator Amp (70A)
00:10 +186 -9: C:/Users/jakej/Documents/GitHub/Subaru.specs.n.parts/test/data/seed/specs_legacy_coverage_test.dart: Legacy 1990 Tires & Electrical Coverage (tearDownAll)
00:10 +186 -9: C:/Users/jakej/Documents/GitHub/Subaru.specs.n.parts/test/data/seed/specs_legacy_coverage_test.dart: Legacy 1990 Bulbs & Hardware Coverage (setUpAll)
00:10 +186 -9: C:/Users/jakej/Documents/GitHub/Subaru.specs.n.parts/test/data/seed/specs_legacy_coverage_test.dart: Legacy 1990 Bulbs & Hardware Coverage Has Legacy Gen1 Headlight Bulb (9004)
00:10 +187 -9: C:/Users/jakej/Documents/GitHub/Subaru.specs.n.parts/test/data/seed/specs_legacy_coverage_test.dart: Legacy 1990 Bulbs & Hardware Coverage Has Legacy Gen1 Oil Drain Plug (M20)
00:10 +188 -9: C:/Users/jakej/Documents/GitHub/Subaru.specs.n.parts/test/data/seed/specs_legacy_coverage_test.dart: Legacy 1990 Bulbs & Hardware Coverage Has Legacy Gen1 Thermostat (172F)
00:10 +189 -9: C:/Users/jakej/Documents/GitHub/Subaru.specs.n.parts/test/data/seed/specs_legacy_coverage_test.dart: Legacy 1990 Bulbs & Hardware Coverage Has Legacy Gen1 Wiper Blades
00:10 +190 -9: C:/Users/jakej/Documents/GitHub/Subaru.specs.n.parts/test/data/seed/specs_legacy_coverage_test.dart: Legacy 1990 Bulbs & Hardware Coverage (tearDownAll)
00:10 +190 -9: C:/Users/jakej/Documents/GitHub/Subaru.specs.n.parts/test/data/seed/specs_legacy_coverage_test.dart: Legacy 1990 Fuel & Rear Brakes Coverage (setUpAll)
00:10 +190 -9: C:/Users/jakej/Documents/GitHub/Subaru.specs.n.parts/test/data/seed/specs_legacy_coverage_test.dart: Legacy 1990 Fuel & Rear Brakes Coverage Has Legacy Gen1 Fuel Tank Capacity (15.9 gal)
00:10 +191 -9: C:/Users/jakej/Documents/GitHub/Subaru.specs.n.parts/test/data/seed/specs_legacy_coverage_test.dart: Legacy 1990 Fuel & Rear Brakes Coverage Has Legacy Gen1 Rear Brake Rotors (266mm)
00:10 +192 -9: C:/Users/jakej/Documents/GitHub/Subaru.specs.n.parts/test/data/seed/specs_legacy_coverage_test.dart: Legacy 1990 Fuel & Rear Brakes Coverage (tearDownAll)
00:11 +192 -9: C:/Users/jakej/Documents/GitHub/Subaru.specs.n.parts/test/data/seed/specs_legacy_gen2_coverage_test.dart: Legacy Gen 2 (1995-1999) Coverage Specs (setUpAll)
00:11 +192 -9: C:/Users/jakej/Documents/GitHub/Subaru.specs.n.parts/test/data/seed/specs_legacy_gen2_coverage_test.dart: Legacy Gen 2 (1995-1999) Coverage Specs Has Legacy Gen2 (EJ22) Oil Capacity (1995-1999)
00:11 +193 -9: C:/Users/jakej/Documents/GitHub/Subaru.specs.n.parts/test/data/seed/specs_legacy_gen2_coverage_test.dart: Legacy Gen 2 (1995-1999) Coverage Specs Has Legacy Gen2 (EJ25D) Oil Capacity (1996-1999)
00:11 +194 -9: C:/Users/jakej/Documents/GitHub/Subaru.specs.n.parts/test/data/seed/specs_legacy_gen2_coverage_test.dart: Legacy Gen 2 (1995-1999) Coverage Specs Has Legacy Gen2 Coolant Capacity
00:11 +195 -9: C:/Users/jakej/Documents/GitHub/Subaru.specs.n.parts/test/data/seed/specs_legacy_gen2_coverage_test.dart: Legacy Gen 2 (1995-1999) Coverage Specs Has Legacy Gen2 (4EAT) ATF Capacity
00:11 +196 -9: C:/Users/jakej/Documents/GitHub/Subaru.specs.n.parts/test/data/seed/specs_legacy_gen2_coverage_test.dart: Legacy Gen 2 (1995-1999) Coverage Specs (tearDownAll)
00:11 +196 -9: C:/Users/jakej/Documents/GitHub/Subaru.specs.n.parts/test/data/seed/specs_legacy_gen2_coverage_test.dart: Legacy Gen 2 (1995-1999) Wheels & Brakes Coverage (setUpAll)
00:11 +196 -9: C:/Users/jakej/Documents/GitHub/Subaru.specs.n.parts/test/data/seed/specs_legacy_gen2_coverage_test.dart: Legacy Gen 2 (1995-1999) Wheels & Brakes Coverage Has Legacy Gen2 Bolt Pattern (5x100)
00:11 +197 -9: C:/Users/jakej/Documents/GitHub/Subaru.specs.n.parts/test/data/seed/specs_legacy_gen2_coverage_test.dart: Legacy Gen 2 (1995-1999) Wheels & Brakes Coverage Has Legacy Gen2 Front Rotors (260mm NA)
00:11 +198 -9: C:/Users/jakej/Documents/GitHub/Subaru.specs.n.parts/test/data/seed/specs_legacy_gen2_coverage_test.dart: Legacy Gen 2 (1995-1999) Wheels & Brakes Coverage Has Legacy Gen2 Front Rotors (277mm GT)
00:11 +199 -9: C:/Users/jakej/Documents/GitHub/Subaru.specs.n.parts/test/data/seed/specs_legacy_gen2_coverage_test.dart: Legacy Gen 2 (1995-1999) Wheels & Brakes Coverage Has Legacy Gen2 Spark Plugs (0.039")
00:11 +200 -9: C:/Users/jakej/Documents/GitHub/Subaru.specs.n.parts/test/data/seed/specs_legacy_gen2_coverage_test.dart: Legacy Gen 2 (1995-1999) Wheels & Brakes Coverage (tearDownAll)
00:11 +200 -9: C:/Users/jakej/Documents/GitHub/Subaru.specs.n.parts/test/data/seed/specs_legacy_gen2_coverage_test.dart: Legacy Gen 2 (1995-1999) Maintenance & Electrical Coverage (setUpAll)
00:11 +200 -9: C:/Users/jakej/Documents/GitHub/Subaru.specs.n.parts/test/data/seed/specs_legacy_gen2_coverage_test.dart: Legacy Gen 2 (1995-1999) Maintenance & Electrical Coverage Has Legacy Gen2 Oil Filter (15208AA12A)
00:11 +201 -9: C:/Users/jakej/Documents/GitHub/Subaru.specs.n.parts/test/data/seed/specs_legacy_gen2_coverage_test.dart: Legacy Gen 2 (1995-1999) Maintenance & Electrical Coverage Has Legacy Gen2 Timing Belt (60k/105k)
00:11 +202 -9: C:/Users/jakej/Documents/GitHub/Subaru.specs.n.parts/test/data/seed/specs_legacy_gen2_coverage_test.dart: Legacy Gen 2 (1995-1999) Maintenance & Electrical Coverage Has Legacy Gen2 Battery (Group 35)
00:11 +203 -9: C:/Users/jakej/Documents/GitHub/Subaru.specs.n.parts/test/data/seed/specs_legacy_gen2_coverage_test.dart: Legacy Gen 2 (1995-1999) Maintenance & Electrical Coverage (tearDownAll)
00:11 +203 -9: C:/Users/jakej/Documents/GitHub/Subaru.specs.n.parts/test/data/seed/specs_legacy_gen2_coverage_test.dart: Legacy Gen 2 (1995-1999) Lighting & Fuel Coverage (setUpAll)
00:11 +203 -9: C:/Users/jakej/Documents/GitHub/Subaru.specs.n.parts/test/data/seed/specs_legacy_gen2_coverage_test.dart: Legacy Gen 2 (1995-1999) Lighting & Fuel Coverage Has Legacy Gen2 Fuel Tank (15.9 gal)
00:11 +204 -9: C:/Users/jakej/Documents/GitHub/Subaru.specs.n.parts/test/data/seed/specs_legacy_gen2_coverage_test.dart: Legacy Gen 2 (1995-1999) Lighting & Fuel Coverage Has Legacy Gen2 Stock Tire (14")
00:11 +205 -9: C:/Users/jakej/Documents/GitHub/Subaru.specs.n.parts/test/data/seed/specs_legacy_gen2_coverage_test.dart: Legacy Gen 2 (1995-1999) Lighting & Fuel Coverage Has Legacy Gen2 Headlight Bulb (9003/H4)
00:11 +205 -10: C:/Users/jakej/Documents/GitHub/Subaru.specs.n.parts/test/data/seed/specs_legacy_gen2_coverage_test.dart: Legacy Gen 2 (1995-1999) Lighting & Fuel Coverage Has Legacy Gen2 Headlight Bulb (9003/H4) [E]
  Expected: not null
    Actual: <null>
  Missing s_bulb_headlight_legacy_gen2
  
  package:matcher                                            expect
  package:flutter_test/src/widget_tester.dart 473:18         expect
  test\data\seed\specs_legacy_gen2_coverage_test.dart 234:7  main.<fn>.<fn>
  
00:11 +205 -10: C:/Users/jakej/Documents/GitHub/Subaru.specs.n.parts/test/data/seed/specs_legacy_gen2_coverage_test.dart: Legacy Gen 2 (1995-1999) Lighting & Fuel Coverage (tearDownAll)
00:11 +205 -10: C:/Users/jakej/Documents/GitHub/Subaru.specs.n.parts/test/data/seed/specs_legacy_gen3_coverage_test.dart: Legacy Gen 3 (2000-2004) Coverage Specs (setUpAll)
00:11 +205 -10: C:/Users/jakej/Documents/GitHub/Subaru.specs.n.parts/test/data/seed/specs_legacy_gen3_coverage_test.dart: Legacy Gen 3 (2000-2004) Coverage Specs Has Legacy Gen3 (EJ25) Oil Capacity
00:11 +206 -10: C:/Users/jakej/Documents/GitHub/Subaru.specs.n.parts/test/data/seed/specs_legacy_gen3_coverage_test.dart: Legacy Gen 3 (2000-2004) Coverage Specs Has Legacy Gen3 (H6) Oil Capacity
00:11 +207 -10: C:/Users/jakej/Documents/GitHub/Subaru.specs.n.parts/test/data/seed/specs_legacy_gen3_coverage_test.dart: Legacy Gen 3 (2000-2004) Coverage Specs Has Legacy Gen3 Coolant Capacity
00:11 +208 -10: C:/Users/jakej/Documents/GitHub/Subaru.specs.n.parts/test/data/seed/specs_legacy_gen3_coverage_test.dart: Legacy Gen 3 (2000-2004) Coverage Specs Has Legacy Gen3 (4EAT) Fluid Capacity
00:11 +209 -10: C:/Users/jakej/Documents/GitHub/Subaru.specs.n.parts/test/data/seed/specs_legacy_gen3_coverage_test.dart: Legacy Gen 3 (2000-2004) Coverage Specs Has Legacy Gen3 Spark Plugs
00:11 +210 -10: C:/Users/jakej/Documents/GitHub/Subaru.specs.n.parts/test/data/seed/specs_legacy_gen3_coverage_test.dart: Legacy Gen 3 (2000-2004) Coverage Specs (tearDownAll)
00:11 +210 -10: C:/Users/jakej/Documents/GitHub/Subaru.specs.n.parts/test/data/seed/specs_legacy_gen3_coverage_test.dart: Legacy Gen 3 (2000-2004) Wheels & Brakes Coverage (setUpAll)
00:11 +210 -10: C:/Users/jakej/Documents/GitHub/Subaru.specs.n.parts/test/data/seed/specs_legacy_gen3_coverage_test.dart: Legacy Gen 3 (2000-2004) Wheels & Brakes Coverage Has Legacy Gen3 Bolt Pattern (5x100)
00:11 +211 -10: C:/Users/jakej/Documents/GitHub/Subaru.specs.n.parts/test/data/seed/specs_legacy_gen3_coverage_test.dart: Legacy Gen 3 (2000-2004) Wheels & Brakes Coverage Has Legacy Gen3 Front Rotors (277mm)
00:11 +212 -10: C:/Users/jakej/Documents/GitHub/Subaru.specs.n.parts/test/data/seed/specs_legacy_gen3_coverage_test.dart: Legacy Gen 3 (2000-2004) Wheels & Brakes Coverage Has Legacy Gen3 Battery (Group 35)
00:11 +213 -10: C:/Users/jakej/Documents/GitHub/Subaru.specs.n.parts/test/data/seed/specs_legacy_gen3_coverage_test.dart: Legacy Gen 3 (2000-2004) Wheels & Brakes Coverage (tearDownAll)
00:11 +213 -10: C:/Users/jakej/Documents/GitHub/Subaru.specs.n.parts/test/data/seed/specs_legacy_gen3_coverage_test.dart: Legacy Gen 3 (2000-2004) Maintenance & Misc Coverage (setUpAll)
00:11 +213 -10: C:/Users/jakej/Documents/GitHub/Subaru.specs.n.parts/test/data/seed/specs_legacy_gen3_coverage_test.dart: Legacy Gen 3 (2000-2004) Maintenance & Misc Coverage Has Legacy Gen3 Oil Filter (AA12A)
00:11 +214 -10: C:/Users/jakej/Documents/GitHub/Subaru.specs.n.parts/test/data/seed/specs_legacy_gen3_coverage_test.dart: Legacy Gen 3 (2000-2004) Maintenance & Misc Coverage Has Legacy Gen3 Timing Belt (105k)
00:11 +215 -10: C:/Users/jakej/Documents/GitHub/Subaru.specs.n.parts/test/data/seed/specs_legacy_gen3_coverage_test.dart: Legacy Gen 3 (2000-2004) Maintenance & Misc Coverage Has Legacy Gen3 Fuel Tank (16.9 gal)
00:11 +216 -10: C:/Users/jakej/Documents/GitHub/Subaru.specs.n.parts/test/data/seed/specs_legacy_gen3_coverage_test.dart: Legacy Gen 3 (2000-2004) Maintenance & Misc Coverage Has Legacy Gen3 Outback Tires (16")
00:11 +217 -10: C:/Users/jakej/Documents/GitHub/Subaru.specs.n.parts/test/data/seed/specs_legacy_gen3_coverage_test.dart: Legacy Gen 3 (2000-2004) Maintenance & Misc Coverage Has Legacy Gen3 Headlight (H1)
00:11 +217 -11: C:/Users/jakej/Documents/GitHub/Subaru.specs.n.parts/test/data/seed/specs_legacy_gen3_coverage_test.dart: Legacy Gen 3 (2000-2004) Maintenance & Misc Coverage Has Legacy Gen3 Headlight (H1) [E]
  Expected: not null
    Actual: <null>
  Missing s_bulb_headlight_legacy_gen3
  
  package:matcher                                            expect
  package:flutter_test/src/widget_tester.dart 473:18         expect
  test\data\seed\specs_legacy_gen3_coverage_test.dart 220:7  main.<fn>.<fn>
  
00:11 +217 -11: C:/Users/jakej/Documents/GitHub/Subaru.specs.n.parts/test/data/seed/specs_legacy_gen3_coverage_test.dart: Legacy Gen 3 (2000-2004) Maintenance & Misc Coverage (tearDownAll)
00:11 +217 -11: C:/Users/jakej/Documents/GitHub/Subaru.specs.n.parts/test/data/seed/specs_legacy_gen4_coverage_test.dart: Legacy Gen 4 (2005-2009) Coverage Specs (setUpAll)
00:11 +217 -11: C:/Users/jakej/Documents/GitHub/Subaru.specs.n.parts/test/data/seed/specs_legacy_gen4_coverage_test.dart: Legacy Gen 4 (2005-2009) Coverage Specs Has Legacy Gen4 Oil Capacities (NA, GT, H6)
00:11 +218 -11: C:/Users/jakej/Documents/GitHub/Subaru.specs.n.parts/test/data/seed/specs_legacy_gen4_coverage_test.dart: Legacy Gen 4 (2005-2009) Coverage Specs Has Legacy Gen4 Coolant Capacity
00:11 +219 -11: C:/Users/jakej/Documents/GitHub/Subaru.specs.n.parts/test/data/seed/specs_legacy_gen4_coverage_test.dart: Legacy Gen 4 (2005-2009) Coverage Specs Has Legacy Gen4 Transmission Capacities (5MT, 6MT, 5AT)
00:11 +220 -11: C:/Users/jakej/Documents/GitHub/Subaru.specs.n.parts/test/data/seed/specs_legacy_gen4_coverage_test.dart: Legacy Gen 4 (2005-2009) Coverage Specs Has Legacy Gen4 Spark Plugs (GT)
00:11 +221 -11: C:/Users/jakej/Documents/GitHub/Subaru.specs.n.parts/test/data/seed/specs_legacy_gen4_coverage_test.dart: Legacy Gen 4 (2005-2009) Coverage Specs (tearDownAll)
00:11 +221 -11: C:/Users/jakej/Documents/GitHub/Subaru.specs.n.parts/test/data/seed/specs_legacy_gen4_coverage_test.dart: Legacy Gen 4 (2005-2009) Wheels & Brakes Coverage (setUpAll)
00:11 +221 -11: C:/Users/jakej/Documents/GitHub/Subaru.specs.n.parts/test/data/seed/specs_legacy_gen4_coverage_test.dart: Legacy Gen 4 (2005-2009) Wheels & Brakes Coverage Has Legacy Gen4 Bolt Pattern (5x100)
00:11 +222 -11: C:/Users/jakej/Documents/GitHub/Subaru.specs.n.parts/test/data/seed/specs_legacy_gen4_coverage_test.dart: Legacy Gen 4 (2005-2009) Wheels & Brakes Coverage Has Legacy Gen4 Brakes (NA & GT)
00:11 +223 -11: C:/Users/jakej/Documents/GitHub/Subaru.specs.n.parts/test/data/seed/specs_legacy_gen4_coverage_test.dart: Legacy Gen 4 (2005-2009) Wheels & Brakes Coverage Has Legacy Gen4 Battery (Group 35)
00:11 +224 -11: C:/Users/jakej/Documents/GitHub/Subaru.specs.n.parts/test/data/seed/specs_legacy_gen4_coverage_test.dart: Legacy Gen 4 (2005-2009) Wheels & Brakes Coverage (tearDownAll)
00:11 +224 -11: C:/Users/jakej/Documents/GitHub/Subaru.specs.n.parts/test/data/seed/specs_legacy_gen4_coverage_test.dart: Legacy Gen 4 (2005-2009) Maintenance & Misc Coverage (setUpAll)
00:11 +224 -11: C:/Users/jakej/Documents/GitHub/Subaru.specs.n.parts/test/data/seed/specs_legacy_gen4_coverage_test.dart: Legacy Gen 4 (2005-2009) Maintenance & Misc Coverage Has Legacy Gen4 Oil Filter
00:11 +225 -11: C:/Users/jakej/Documents/GitHub/Subaru.specs.n.parts/test/data/seed/specs_legacy_gen4_coverage_test.dart: Legacy Gen 4 (2005-2009) Maintenance & Misc Coverage Has Legacy Gen4 Cabin Filter (AG00A)
00:11 +226 -11: C:/Users/jakej/Documents/GitHub/Subaru.specs.n.parts/test/data/seed/specs_legacy_gen4_coverage_test.dart: Legacy Gen 4 (2005-2009) Maintenance & Misc Coverage Has Legacy Gen4 Timing Belt (105k)
00:11 +227 -11: C:/Users/jakej/Documents/GitHub/Subaru.specs.n.parts/test/data/seed/specs_legacy_gen4_coverage_test.dart: Legacy Gen 4 (2005-2009) Maintenance & Misc Coverage Has Legacy Gen4 Fuel Tank (16.9 gal)
00:11 +228 -11: C:/Users/jakej/Documents/GitHub/Subaru.specs.n.parts/test/data/seed/specs_legacy_gen4_coverage_test.dart: Legacy Gen 4 (2005-2009) Maintenance & Misc Coverage Has Legacy Gen4 GT Tires (17")
00:11 +229 -11: C:/Users/jakej/Documents/GitHub/Subaru.specs.n.parts/test/data/seed/specs_legacy_gen4_coverage_test.dart: Legacy Gen 4 (2005-2009) Maintenance & Misc Coverage Has Legacy Gen4 Headlight (H7)
00:11 +230 -11: C:/Users/jakej/Documents/GitHub/Subaru.specs.n.parts/test/data/seed/specs_legacy_gen4_coverage_test.dart: Legacy Gen 4 (2005-2009) Maintenance & Misc Coverage Has Legacy Gen4 Fog Light (9006)
00:11 +231 -11: C:/Users/jakej/Documents/GitHub/Subaru.specs.n.parts/test/data/seed/specs_legacy_gen4_coverage_test.dart: Legacy Gen 4 (2005-2009) Maintenance & Misc Coverage (tearDownAll)
00:12 +231 -11: C:/Users/jakej/Documents/GitHub/Subaru.specs.n.parts/test/data/seed/specs_modern_coverage_test.dart: Subaru Modern Era (2014-Present) Coverage Specs (setUpAll)
00:12 +231 -11: C:/Users/jakej/Documents/GitHub/Subaru.specs.n.parts/test/data/seed/specs_modern_coverage_test.dart: Subaru Modern Era (2014-Present) Coverage Specs Has Forester Gen 4 Oil Capacity (5.1 Qt)
00:12 +232 -11: C:/Users/jakej/Documents/GitHub/Subaru.specs.n.parts/test/data/seed/specs_modern_coverage_test.dart: Subaru Modern Era (2014-Present) Coverage Specs Has WRX VA Oil Capacity (5.4 Qt)
00:12 +233 -11: C:/Users/jakej/Documents/GitHub/Subaru.specs.n.parts/test/data/seed/specs_modern_coverage_test.dart: Subaru Modern Era (2014-Present) Coverage Specs Has Forester Gen 4 Coolant Capacity
00:12 +234 -11: C:/Users/jakej/Documents/GitHub/Subaru.specs.n.parts/test/data/seed/specs_modern_coverage_test.dart: Subaru Modern Era (2014-Present) Coverage Specs Has TR580 CVT Fluid Specs
00:12 +235 -11: C:/Users/jakej/Documents/GitHub/Subaru.specs.n.parts/test/data/seed/specs_modern_coverage_test.dart: Subaru Modern Era (2014-Present) Coverage Specs Has TR690 High Torque CVT Fluid Specs
00:12 +236 -11: C:/Users/jakej/Documents/GitHub/Subaru.specs.n.parts/test/data/seed/specs_modern_coverage_test.dart: Subaru Modern Era (2014-Present) Coverage Specs Has 2014+ Lug Torque (89 ft-lb)
00:12 +237 -11: C:/Users/jakej/Documents/GitHub/Subaru.specs.n.parts/test/data/seed/specs_modern_coverage_test.dart: Subaru Modern Era (2014-Present) Coverage Specs Has WRX VA Front Rotors (316mm)
00:12 +238 -11: C:/Users/jakej/Documents/GitHub/Subaru.specs.n.parts/test/data/seed/specs_modern_coverage_test.dart: Subaru Modern Era (2014-Present) Coverage Specs Has FB Engine Spark Plugs (SILZKAR7B11)
00:12 +239 -11: C:/Users/jakej/Documents/GitHub/Subaru.specs.n.parts/test/data/seed/specs_modern_coverage_test.dart: Subaru Modern Era (2014-Present) Coverage Specs Has WRX VA Spark Plugs (ILKAR8H6)
00:12 +240 -11: C:/Users/jakej/Documents/GitHub/Subaru.specs.n.parts/test/data/seed/specs_modern_coverage_test.dart: Subaru Modern Era (2014-Present) Coverage Specs Has FB Engine Oil Filter (AA15A)
00:12 +241 -11: C:/Users/jakej/Documents/GitHub/Subaru.specs.n.parts/test/data/seed/specs_modern_coverage_test.dart: Subaru Modern Era (2014-Present) Coverage Specs Has Modern Battery Specs (Group 35)
00:12 +242 -11: C:/Users/jakej/Documents/GitHub/Subaru.specs.n.parts/test/data/seed/specs_modern_coverage_test.dart: Subaru Modern Era (2014-Present) Coverage Specs Has Forester SJ Fuel Tank (15.9 gal)
00:12 +243 -11: C:/Users/jakej/Documents/GitHub/Subaru.specs.n.parts/test/data/seed/specs_modern_coverage_test.dart: Subaru Modern Era (2014-Present) Coverage Specs Has WRX VA Tire Size (235/45R17)
00:12 +244 -11: C:/Users/jakej/Documents/GitHub/Subaru.specs.n.parts/test/data/seed/specs_modern_coverage_test.dart: Subaru Modern Era (2014-Present) Coverage Specs Has WRX VA Bulb Specs (H11)
00:12 +245 -11: C:/Users/jakej/Documents/GitHub/Subaru.specs.n.parts/test/data/seed/specs_modern_coverage_test.dart: Subaru Modern Era (2014-Present) Coverage Specs (tearDownAll)
00:12 +245 -11: C:/Users/jakej/Documents/GitHub/Subaru.specs.n.parts/test/data/seed/specs_outback_gen3_coverage_test.dart: Outback Gen 3 (2005-2009) Coverage Specs (setUpAll)
00:12 +245 -11: C:/Users/jakej/Documents/GitHub/Subaru.specs.n.parts/test/data/seed/specs_outback_gen3_coverage_test.dart: Outback Gen 3 (2005-2009) Coverage Specs Has Outback Gen3 Oil Capacities (NA & XT)
00:12 +246 -11: C:/Users/jakej/Documents/GitHub/Subaru.specs.n.parts/test/data/seed/specs_outback_gen3_coverage_test.dart: Outback Gen 3 (2005-2009) Coverage Specs Has Outback Gen3 Coolant Capacity
00:12 +247 -11: C:/Users/jakej/Documents/GitHub/Subaru.specs.n.parts/test/data/seed/specs_outback_gen3_coverage_test.dart: Outback Gen 3 (2005-2009) Coverage Specs Has Outback Gen3 Transmission Capacities (5MT & 4EAT)
00:12 +248 -11: C:/Users/jakej/Documents/GitHub/Subaru.specs.n.parts/test/data/seed/specs_outback_gen3_coverage_test.dart: Outback Gen 3 (2005-2009) Coverage Specs Has Outback Gen3 Spark Plugs (XT)
00:12 +249 -11: C:/Users/jakej/Documents/GitHub/Subaru.specs.n.parts/test/data/seed/specs_outback_gen3_coverage_test.dart: Outback Gen 3 (2005-2009) Coverage Specs (tearDownAll)
00:12 +249 -11: C:/Users/jakej/Documents/GitHub/Subaru.specs.n.parts/test/data/seed/specs_outback_gen3_coverage_test.dart: Outback Gen 3 (2005-2009) Wheels & Brakes Coverage (setUpAll)
00:12 +249 -11: C:/Users/jakej/Documents/GitHub/Subaru.specs.n.parts/test/data/seed/specs_outback_gen3_coverage_test.dart: Outback Gen 3 (2005-2009) Wheels & Brakes Coverage Has Outback Gen3 Bolt Pattern (5x100)
00:12 +250 -11: C:/Users/jakej/Documents/GitHub/Subaru.specs.n.parts/test/data/seed/specs_outback_gen3_coverage_test.dart: Outback Gen 3 (2005-2009) Wheels & Brakes Coverage Has Outback Gen3 Brakes (Front & Rear)
00:12 +251 -11: C:/Users/jakej/Documents/GitHub/Subaru.specs.n.parts/test/data/seed/specs_outback_gen3_coverage_test.dart: Outback Gen 3 (2005-2009) Wheels & Brakes Coverage Has Outback Gen3 Battery (Group 35)
00:12 +252 -11: C:/Users/jakej/Documents/GitHub/Subaru.specs.n.parts/test/data/seed/specs_outback_gen3_coverage_test.dart: Outback Gen 3 (2005-2009) Wheels & Brakes Coverage (tearDownAll)
00:12 +252 -11: C:/Users/jakej/Documents/GitHub/Subaru.specs.n.parts/test/data/seed/specs_outback_gen3_coverage_test.dart: Outback Gen 3 (2005-2009) Maintenance & Misc Coverage (setUpAll)
00:12 +252 -11: C:/Users/jakej/Documents/GitHub/Subaru.specs.n.parts/test/data/seed/specs_outback_gen3_coverage_test.dart: Outback Gen 3 (2005-2009) Maintenance & Misc Coverage Has Outback Gen3 Oil Filter
00:12 +253 -11: C:/Users/jakej/Documents/GitHub/Subaru.specs.n.parts/test/data/seed/specs_outback_gen3_coverage_test.dart: Outback Gen 3 (2005-2009) Maintenance & Misc Coverage Has Outback Gen3 Cabin Filter (AG00A)
00:12 +254 -11: C:/Users/jakej/Documents/GitHub/Subaru.specs.n.parts/test/data/seed/specs_outback_gen3_coverage_test.dart: Outback Gen 3 (2005-2009) Maintenance & Misc Coverage Has Outback Gen3 Timing Belt (105k)
00:12 +255 -11: C:/Users/jakej/Documents/GitHub/Subaru.specs.n.parts/test/data/seed/specs_outback_gen3_coverage_test.dart: Outback Gen 3 (2005-2009) Maintenance & Misc Coverage Has Outback Gen3 Fuel Tank (16.9 gal)
00:12 +256 -11: C:/Users/jakej/Documents/GitHub/Subaru.specs.n.parts/test/data/seed/specs_outback_gen3_coverage_test.dart: Outback Gen 3 (2005-2009) Maintenance & Misc Coverage Has Outback Gen3 XT Tires (17")
00:12 +257 -11: C:/Users/jakej/Documents/GitHub/Subaru.specs.n.parts/test/data/seed/specs_outback_gen3_coverage_test.dart: Outback Gen 3 (2005-2009) Maintenance & Misc Coverage Has Outback Gen3 Headlight (H7)
00:12 +257 -12: C:/Users/jakej/Documents/GitHub/Subaru.specs.n.parts/test/data/seed/specs_outback_gen3_coverage_test.dart: Outback Gen 3 (2005-2009) Maintenance & Misc Coverage Has Outback Gen3 Headlight (H7) [E]
  Bad state: No element
  dart:collection                                              ListBase.firstWhere
  test\data\seed\specs_outback_gen3_coverage_test.dart 172:30  main.<fn>.<fn>
  
00:12 +257 -12: C:/Users/jakej/Documents/GitHub/Subaru.specs.n.parts/test/data/seed/specs_outback_gen3_coverage_test.dart: Outback Gen 3 (2005-2009) Maintenance & Misc Coverage Has Outback Gen3 Fog Light (9006)
00:12 +258 -12: C:/Users/jakej/Documents/GitHub/Subaru.specs.n.parts/test/data/seed/specs_outback_gen3_coverage_test.dart: Outback Gen 3 (2005-2009) Maintenance & Misc Coverage (tearDownAll)
00:13 +258 -12: C:/Users/jakej/Documents/GitHub/Subaru.specs.n.parts/test/data/seed/specs_outback_gen4_coverage_test.dart: Outback Gen 4 (2010-2014) Coverage Specs (setUpAll)
00:13 +258 -12: C:/Users/jakej/Documents/GitHub/Subaru.specs.n.parts/test/data/seed/specs_outback_gen4_coverage_test.dart: Outback Gen 4 (2010-2014) Coverage Specs Has Outback Gen4 Oil Capacities (NA & 3.6R)
00:13 +259 -12: C:/Users/jakej/Documents/GitHub/Subaru.specs.n.parts/test/data/seed/specs_outback_gen4_coverage_test.dart: Outback Gen 4 (2010-2014) Coverage Specs Has Outback Gen4 Coolant Capacity
00:13 +260 -12: C:/Users/jakej/Documents/GitHub/Subaru.specs.n.parts/test/data/seed/specs_outback_gen4_coverage_test.dart: Outback Gen 4 (2010-2014) Coverage Specs Has Outback Gen4 Transmission Capacities (CVT & 5AT)
00:13 +261 -12: C:/Users/jakej/Documents/GitHub/Subaru.specs.n.parts/test/data/seed/specs_outback_gen4_coverage_test.dart: Outback Gen 4 (2010-2014) Coverage Specs Has Outback Gen4 Differential Capacities
00:13 +262 -12: C:/Users/jakej/Documents/GitHub/Subaru.specs.n.parts/test/data/seed/specs_outback_gen4_coverage_test.dart: Outback Gen 4 (2010-2014) Coverage Specs Has Outback Gen4 Spark Plugs
00:13 +263 -12: C:/Users/jakej/Documents/GitHub/Subaru.specs.n.parts/test/data/seed/specs_outback_gen4_coverage_test.dart: Outback Gen 4 (2010-2014) Coverage Specs (tearDownAll)
00:13 +263 -12: C:/Users/jakej/Documents/GitHub/Subaru.specs.n.parts/test/data/seed/specs_outback_gen4_coverage_test.dart: Outback Gen 4 (2010-2014) Wheels & Brakes Coverage (setUpAll)
00:13 +263 -12: C:/Users/jakej/Documents/GitHub/Subaru.specs.n.parts/test/data/seed/specs_outback_gen4_coverage_test.dart: Outback Gen 4 (2010-2014) Wheels & Brakes Coverage Has Outback Gen4 Bolt Pattern (5x100)
00:13 +264 -12: C:/Users/jakej/Documents/GitHub/Subaru.specs.n.parts/test/data/seed/specs_outback_gen4_coverage_test.dart: Outback Gen 4 (2010-2014) Wheels & Brakes Coverage Has Outback Gen4 Brakes (2.5i & 3.6R)
00:13 +265 -12: C:/Users/jakej/Documents/GitHub/Subaru.specs.n.parts/test/data/seed/specs_outback_gen4_coverage_test.dart: Outback Gen 4 (2010-2014) Wheels & Brakes Coverage Has Outback Gen4 Battery (Group 25/35)
00:13 +266 -12: C:/Users/jakej/Documents/GitHub/Subaru.specs.n.parts/test/data/seed/specs_outback_gen4_coverage_test.dart: Outback Gen 4 (2010-2014) Wheels & Brakes Coverage (tearDownAll)
00:13 +266 -12: C:/Users/jakej/Documents/GitHub/Subaru.specs.n.parts/test/data/seed/specs_outback_gen4_coverage_test.dart: Outback Gen 4 (2010-2014) Maintenance & Misc Coverage (setUpAll)
00:13 +266 -12: C:/Users/jakej/Documents/GitHub/Subaru.specs.n.parts/test/data/seed/specs_outback_gen4_coverage_test.dart: Outback Gen 4 (2010-2014) Maintenance & Misc Coverage Has Outback Gen4 Oil Filter (AA11A for 3.6R)
00:13 +267 -12: C:/Users/jakej/Documents/GitHub/Subaru.specs.n.parts/test/data/seed/specs_outback_gen4_coverage_test.dart: Outback Gen 4 (2010-2014) Maintenance & Misc Coverage Has Outback Gen4 Cabin Filter (AJ00A)
00:13 +268 -12: C:/Users/jakej/Documents/GitHub/Subaru.specs.n.parts/test/data/seed/specs_outback_gen4_coverage_test.dart: Outback Gen 4 (2010-2014) Maintenance & Misc Coverage Has Outback Gen4 Timing Chain Note
00:13 +269 -12: C:/Users/jakej/Documents/GitHub/Subaru.specs.n.parts/test/data/seed/specs_outback_gen4_coverage_test.dart: Outback Gen 4 (2010-2014) Maintenance & Misc Coverage Has Outback Gen4 Fuel Tank (18.5 gal)
00:13 +270 -12: C:/Users/jakej/Documents/GitHub/Subaru.specs.n.parts/test/data/seed/specs_outback_gen4_coverage_test.dart: Outback Gen 4 (2010-2014) Maintenance & Misc Coverage Has Outback Gen4 Tires (17")
00:13 +271 -12: C:/Users/jakej/Documents/GitHub/Subaru.specs.n.parts/test/data/seed/specs_outback_gen4_coverage_test.dart: Outback Gen 4 (2010-2014) Maintenance & Misc Coverage Has Outback Gen4 Headlight (H7)
00:13 +271 -13: C:/Users/jakej/Documents/GitHub/Subaru.specs.n.parts/test/data/seed/specs_outback_gen4_coverage_test.dart: Outback Gen 4 (2010-2014) Maintenance & Misc Coverage Has Outback Gen4 Headlight (H7) [E]
  Bad state: No element
  dart:collection                                              ListBase.firstWhere
  test\data\seed\specs_outback_gen4_coverage_test.dart 187:30  main.<fn>.<fn>
  
00:13 +271 -13: C:/Users/jakej/Documents/GitHub/Subaru.specs.n.parts/test/data/seed/specs_outback_gen4_coverage_test.dart: Outback Gen 4 (2010-2014) Maintenance & Misc Coverage Has Outback Gen4 Fog Light (H11)
00:13 +272 -13: C:/Users/jakej/Documents/GitHub/Subaru.specs.n.parts/test/data/seed/specs_outback_gen4_coverage_test.dart: Outback Gen 4 (2010-2014) Maintenance & Misc Coverage (tearDownAll)
00:13 +272 -13: C:/Users/jakej/Documents/GitHub/Subaru.specs.n.parts/test/data/seed/specs_subaru_classic_coverage_test.dart: Subaru Classic, Justy & SVX (1970s-1990s) Coverage Specs (setUpAll)
00:13 +272 -13: C:/Users/jakej/Documents/GitHub/Subaru.specs.n.parts/test/data/seed/specs_subaru_classic_coverage_test.dart: Subaru Classic, Justy & SVX (1970s-1990s) Coverage Specs Has EA71 Oil Capacity
00:13 +273 -13: C:/Users/jakej/Documents/GitHub/Subaru.specs.n.parts/test/data/seed/specs_subaru_classic_coverage_test.dart: Subaru Classic, Justy & SVX (1970s-1990s) Coverage Specs Has Justy Oil Capacity
00:13 +274 -13: C:/Users/jakej/Documents/GitHub/Subaru.specs.n.parts/test/data/seed/specs_subaru_classic_coverage_test.dart: Subaru Classic, Justy & SVX (1970s-1990s) Coverage Specs Has EA Classic Coolant Capacity
00:13 +275 -13: C:/Users/jakej/Documents/GitHub/Subaru.specs.n.parts/test/data/seed/specs_subaru_classic_coverage_test.dart: Subaru Classic, Justy & SVX (1970s-1990s) Coverage Specs Has Justy Transmission Capacity
00:13 +276 -13: C:/Users/jakej/Documents/GitHub/Subaru.specs.n.parts/test/data/seed/specs_subaru_classic_coverage_test.dart: Subaru Classic, Justy & SVX (1970s-1990s) Coverage Specs Has SVX Bolt Pattern (5x114.3)
00:13 +277 -13: C:/Users/jakej/Documents/GitHub/Subaru.specs.n.parts/test/data/seed/specs_subaru_classic_coverage_test.dart: Subaru Classic, Justy & SVX (1970s-1990s) Coverage Specs Has Classic Bolt Pattern (4x140)
00:13 +278 -13: C:/Users/jakej/Documents/GitHub/Subaru.specs.n.parts/test/data/seed/specs_subaru_classic_coverage_test.dart: Subaru Classic, Justy & SVX (1970s-1990s) Coverage Specs Has Gen 2 Brake Specs (242mm)
00:13 +279 -13: C:/Users/jakej/Documents/GitHub/Subaru.specs.n.parts/test/data/seed/specs_subaru_classic_coverage_test.dart: Subaru Classic, Justy & SVX (1970s-1990s) Coverage Specs Has EA71/81 Spark Plugs (BP6ES)
00:13 +280 -13: C:/Users/jakej/Documents/GitHub/Subaru.specs.n.parts/test/data/seed/specs_subaru_classic_coverage_test.dart: Subaru Classic, Justy & SVX (1970s-1990s) Coverage Specs Has SVX Battery (Group 35)
00:13 +281 -13: C:/Users/jakej/Documents/GitHub/Subaru.specs.n.parts/test/data/seed/specs_subaru_classic_coverage_test.dart: Subaru Classic, Justy & SVX (1970s-1990s) Coverage Specs Has Classic Oil Filter (AA100)
00:13 +282 -13: C:/Users/jakej/Documents/GitHub/Subaru.specs.n.parts/test/data/seed/specs_subaru_classic_coverage_test.dart: Subaru Classic, Justy & SVX (1970s-1990s) Coverage Specs Has Justy Tire Size (165/65R13)
00:13 +283 -13: C:/Users/jakej/Documents/GitHub/Subaru.specs.n.parts/test/data/seed/specs_subaru_classic_coverage_test.dart: Subaru Classic, Justy & SVX (1970s-1990s) Coverage Specs Has SVX Bulb Specs (9006)
00:13 +283 -14: C:/Users/jakej/Documents/GitHub/Subaru.specs.n.parts/test/data/seed/specs_subaru_classic_coverage_test.dart: Subaru Classic, Justy & SVX (1970s-1990s) Coverage Specs Has SVX Bulb Specs (9006) [E]
  Bad state: No element
  dart:collection                                                ListBase.firstWhere
  test\data\seed\specs_subaru_classic_coverage_test.dart 126:30  main.<fn>.<fn>
  
00:13 +283 -14: C:/Users/jakej/Documents/GitHub/Subaru.specs.n.parts/test/data/seed/specs_subaru_classic_coverage_test.dart: Subaru Classic, Justy & SVX (1970s-1990s) Coverage Specs Has Classic Fuel Tank (13.2 gal)
00:13 +284 -14: C:/Users/jakej/Documents/GitHub/Subaru.specs.n.parts/test/data/seed/specs_subaru_classic_coverage_test.dart: Subaru Classic, Justy & SVX (1970s-1990s) Coverage Specs (tearDownAll)
00:13 +284 -14: C:/Users/jakej/Documents/GitHub/Subaru.specs.n.parts/test/data/seed/specs_wrx_gen2_coverage_test.dart: WRX Gen 2 (2002-2005) Coverage Specs (setUpAll)
00:13 +284 -14: C:/Users/jakej/Documents/GitHub/Subaru.specs.n.parts/test/data/seed/specs_wrx_gen2_coverage_test.dart: WRX Gen 2 (2002-2005) Coverage Specs Has WRX Gen2 (EJ205) Oil Capacity
00:13 +285 -14: C:/Users/jakej/Documents/GitHub/Subaru.specs.n.parts/test/data/seed/specs_wrx_gen2_coverage_test.dart: WRX Gen 2 (2002-2005) Coverage Specs Has WRX Gen2 Coolant Capacity
00:13 +286 -14: C:/Users/jakej/Documents/GitHub/Subaru.specs.n.parts/test/data/seed/specs_wrx_gen2_coverage_test.dart: WRX Gen 2 (2002-2005) Coverage Specs Has WRX Gen2 (4EAT) ATF Capacity
00:13 +287 -14: C:/Users/jakej/Documents/GitHub/Subaru.specs.n.parts/test/data/seed/specs_wrx_gen2_coverage_test.dart: WRX Gen 2 (2002-2005) Coverage Specs (tearDownAll)
00:13 +287 -14: C:/Users/jakej/Documents/GitHub/Subaru.specs.n.parts/test/data/seed/specs_wrx_gen2_coverage_test.dart: WRX Gen 2 (2002-2005) Wheels & Brakes Coverage (setUpAll)
00:13 +287 -14: C:/Users/jakej/Documents/GitHub/Subaru.specs.n.parts/test/data/seed/specs_wrx_gen2_coverage_test.dart: WRX Gen 2 (2002-2005) Wheels & Brakes Coverage Has WRX Gen2 Bolt Pattern (5x100)
00:13 +288 -14: C:/Users/jakej/Documents/GitHub/Subaru.specs.n.parts/test/data/seed/specs_wrx_gen2_coverage_test.dart: WRX Gen 2 (2002-2005) Wheels & Brakes Coverage Has WRX Gen2 Front Rotors (294mm)
00:13 +289 -14: C:/Users/jakej/Documents/GitHub/Subaru.specs.n.parts/test/data/seed/specs_wrx_gen2_coverage_test.dart: WRX Gen 2 (2002-2005) Wheels & Brakes Coverage Has WRX Gen2 Spark Plugs (0.028")
00:13 +290 -14: C:/Users/jakej/Documents/GitHub/Subaru.specs.n.parts/test/data/seed/specs_wrx_gen2_coverage_test.dart: WRX Gen 2 (2002-2005) Wheels & Brakes Coverage (tearDownAll)
00:13 +290 -14: C:/Users/jakej/Documents/GitHub/Subaru.specs.n.parts/test/data/seed/specs_wrx_gen2_coverage_test.dart: WRX Gen 2 (2002-2005) Maintenance & Electrical Coverage (setUpAll)
00:13 +290 -14: C:/Users/jakej/Documents/GitHub/Subaru.specs.n.parts/test/data/seed/specs_wrx_gen2_coverage_test.dart: WRX Gen 2 (2002-2005) Maintenance & Electrical Coverage Has WRX Gen2 Oil Filter (15208AA12A)
00:13 +291 -14: C:/Users/jakej/Documents/GitHub/Subaru.specs.n.parts/test/data/seed/specs_wrx_gen2_coverage_test.dart: WRX Gen 2 (2002-2005) Maintenance & Electrical Coverage Has WRX Gen2 Timing Belt (105k)
00:13 +292 -14: C:/Users/jakej/Documents/GitHub/Subaru.specs.n.parts/test/data/seed/specs_wrx_gen2_coverage_test.dart: WRX Gen 2 (2002-2005) Maintenance & Electrical Coverage Has WRX Gen2 Battery (Group 35)
00:13 +293 -14: C:/Users/jakej/Documents/GitHub/Subaru.specs.n.parts/test/data/seed/specs_wrx_gen2_coverage_test.dart: WRX Gen 2 (2002-2005) Maintenance & Electrical Coverage (tearDownAll)
00:13 +293 -14: C:/Users/jakej/Documents/GitHub/Subaru.specs.n.parts/test/data/seed/specs_wrx_gen2_coverage_test.dart: WRX Gen 2 (2002-2005) Lighting & Fuel Coverage (setUpAll)
00:13 +293 -14: C:/Users/jakej/Documents/GitHub/Subaru.specs.n.parts/test/data/seed/specs_wrx_gen2_coverage_test.dart: WRX Gen 2 (2002-2005) Lighting & Fuel Coverage Has WRX Gen2 Fuel Tank (15.9 gal)
00:13 +294 -14: C:/Users/jakej/Documents/GitHub/Subaru.specs.n.parts/test/data/seed/specs_wrx_gen2_coverage_test.dart: WRX Gen 2 (2002-2005) Lighting & Fuel Coverage Has WRX Gen2 Stock Tire (16")
00:13 +295 -14: C:/Users/jakej/Documents/GitHub/Subaru.specs.n.parts/test/data/seed/specs_wrx_gen2_coverage_test.dart: WRX Gen 2 (2002-2005) Lighting & Fuel Coverage Has WRX Gen2 Headlight (Bugeye 9007)
00:14 +295 -15: C:/Users/jakej/Documents/GitHub/Subaru.specs.n.parts/test/data/seed/specs_wrx_gen2_coverage_test.dart: WRX Gen 2 (2002-2005) Lighting & Fuel Coverage Has WRX Gen2 Headlight (Bugeye 9007) [E]
  Expected: not null
    Actual: <null>
  Missing s_bulb_headlight_wrx_gen2_bugeye
  
  package:matcher                                         expect
  package:flutter_test/src/widget_tester.dart 473:18      expect
  test\data\seed\specs_wrx_gen2_coverage_test.dart 187:7  main.<fn>.<fn>
  
00:14 +295 -15: C:/Users/jakej/Documents/GitHub/Subaru.specs.n.parts/test/data/seed/specs_wrx_gen2_coverage_test.dart: WRX Gen 2 (2002-2005) Lighting & Fuel Coverage Has WRX Gen2 Headlight (Blobeye H1/9005)
00:14 +295 -16: C:/Users/jakej/Documents/GitHub/Subaru.specs.n.parts/test/data/seed/specs_wrx_gen2_coverage_test.dart: WRX Gen 2 (2002-2005) Lighting & Fuel Coverage Has WRX Gen2 Headlight (Blobeye H1/9005) [E]
  Expected: not null
    Actual: <null>
  Missing s_bulb_headlight_wrx_gen2_blobeye
  
  package:matcher                                         expect
  package:flutter_test/src/widget_tester.dart 473:18      expect
  test\data\seed\specs_wrx_gen2_coverage_test.dart 200:7  main.<fn>.<fn>
  
00:14 +295 -16: C:/Users/jakej/Documents/GitHub/Subaru.specs.n.parts/test/data/seed/specs_wrx_gen2_coverage_test.dart: WRX Gen 2 (2002-2005) Lighting & Fuel Coverage (tearDownAll)
00:14 +295 -16: C:/Users/jakej/Documents/GitHub/Subaru.specs.n.parts/test/data/seed/specs_wrx_sti_gen2_coverage_test.dart: STI Gen 2 (2004-2007) Coverage Specs (setUpAll)
00:14 +295 -16: C:/Users/jakej/Documents/GitHub/Subaru.specs.n.parts/test/data/seed/specs_wrx_sti_gen2_coverage_test.dart: STI Gen 2 (2004-2007) Coverage Specs Has STI Gen2 (EJ257) Oil Capacity
00:14 +296 -16: C:/Users/jakej/Documents/GitHub/Subaru.specs.n.parts/test/data/seed/specs_wrx_sti_gen2_coverage_test.dart: STI Gen 2 (2004-2007) Coverage Specs Has STI Gen2 Coolant Capacity
00:14 +297 -16: C:/Users/jakej/Documents/GitHub/Subaru.specs.n.parts/test/data/seed/specs_wrx_sti_gen2_coverage_test.dart: STI Gen 2 (2004-2007) Coverage Specs Has STI Gen2 (6MT) Fluid Capacity
00:14 +298 -16: C:/Users/jakej/Documents/GitHub/Subaru.specs.n.parts/test/data/seed/specs_wrx_sti_gen2_coverage_test.dart: STI Gen 2 (2004-2007) Coverage Specs Has STI Gen2 (R180) Rear Diff Fluid
00:14 +299 -16: C:/Users/jakej/Documents/GitHub/Subaru.specs.n.parts/test/data/seed/specs_wrx_sti_gen2_coverage_test.dart: STI Gen 2 (2004-2007) Coverage Specs (tearDownAll)
00:14 +299 -16: C:/Users/jakej/Documents/GitHub/Subaru.specs.n.parts/test/data/seed/specs_wrx_sti_gen2_coverage_test.dart: STI Gen 2 (2004-2007) Wheels & Brakes Coverage (setUpAll)
00:14 +299 -16: C:/Users/jakej/Documents/GitHub/Subaru.specs.n.parts/test/data/seed/specs_wrx_sti_gen2_coverage_test.dart: STI Gen 2 (2004-2007) Wheels & Brakes Coverage Has STI Gen2 Bolt Pattern (2004 5x100)
00:14 +300 -16: C:/Users/jakej/Documents/GitHub/Subaru.specs.n.parts/test/data/seed/specs_wrx_sti_gen2_coverage_test.dart: STI Gen 2 (2004-2007) Wheels & Brakes Coverage Has STI Gen2 Bolt Pattern (2005+ 5x114.3)
00:14 +301 -16: C:/Users/jakej/Documents/GitHub/Subaru.specs.n.parts/test/data/seed/specs_wrx_sti_gen2_coverage_test.dart: STI Gen 2 (2004-2007) Wheels & Brakes Coverage Has STI Gen2 Front Rotors (326mm)
00:14 +302 -16: C:/Users/jakej/Documents/GitHub/Subaru.specs.n.parts/test/data/seed/specs_wrx_sti_gen2_coverage_test.dart: STI Gen 2 (2004-2007) Wheels & Brakes Coverage Has STI Gen2 Rear Rotors (2004 316mm)
00:14 +303 -16: C:/Users/jakej/Documents/GitHub/Subaru.specs.n.parts/test/data/seed/specs_wrx_sti_gen2_coverage_test.dart: STI Gen 2 (2004-2007) Wheels & Brakes Coverage Has STI Gen2 Rear Rotors (2005+ 316mm)
00:14 +304 -16: C:/Users/jakej/Documents/GitHub/Subaru.specs.n.parts/test/data/seed/specs_wrx_sti_gen2_coverage_test.dart: STI Gen 2 (2004-2007) Wheels & Brakes Coverage Has STI Gen2 Spark Plugs (0.028")
00:14 +305 -16: C:/Users/jakej/Documents/GitHub/Subaru.specs.n.parts/test/data/seed/specs_wrx_sti_gen2_coverage_test.dart: STI Gen 2 (2004-2007) Wheels & Brakes Coverage (tearDownAll)
00:14 +305 -16: C:/Users/jakej/Documents/GitHub/Subaru.specs.n.parts/test/data/seed/specs_wrx_sti_gen2_coverage_test.dart: STI Gen 2 (2004-2007) Maintenance & Electrical Coverage (setUpAll)
00:14 +305 -16: C:/Users/jakej/Documents/GitHub/Subaru.specs.n.parts/test/data/seed/specs_wrx_sti_gen2_coverage_test.dart: STI Gen 2 (2004-2007) Maintenance & Electrical Coverage Has STI Gen2 Oil Filter (AA100/AA12A)
00:14 +306 -16: C:/Users/jakej/Documents/GitHub/Subaru.specs.n.parts/test/data/seed/specs_wrx_sti_gen2_coverage_test.dart: STI Gen 2 (2004-2007) Maintenance & Electrical Coverage Has STI Gen2 Timing Belt (105k)
00:14 +307 -16: C:/Users/jakej/Documents/GitHub/Subaru.specs.n.parts/test/data/seed/specs_wrx_sti_gen2_coverage_test.dart: STI Gen 2 (2004-2007) Maintenance & Electrical Coverage Has STI Gen2 Battery (Group 35)
00:14 +308 -16: C:/Users/jakej/Documents/GitHub/Subaru.specs.n.parts/test/data/seed/specs_wrx_sti_gen2_coverage_test.dart: STI Gen 2 (2004-2007) Maintenance & Electrical Coverage (tearDownAll)
00:14 +308 -16: C:/Users/jakej/Documents/GitHub/Subaru.specs.n.parts/test/data/seed/specs_wrx_sti_gen2_coverage_test.dart: STI Gen 2 (2004-2007) Lighting & Fuel Coverage (setUpAll)
00:14 +308 -16: C:/Users/jakej/Documents/GitHub/Subaru.specs.n.parts/test/data/seed/specs_wrx_sti_gen2_coverage_test.dart: STI Gen 2 (2004-2007) Lighting & Fuel Coverage Has STI Gen2 Fuel Tank (15.9 gal)
00:14 +309 -16: C:/Users/jakej/Documents/GitHub/Subaru.specs.n.parts/test/data/seed/specs_wrx_sti_gen2_coverage_test.dart: STI Gen 2 (2004-2007) Lighting & Fuel Coverage Has STI Gen2 Stock Tire (17")
00:14 +310 -16: C:/Users/jakej/Documents/GitHub/Subaru.specs.n.parts/test/data/seed/specs_wrx_sti_gen2_coverage_test.dart: STI Gen 2 (2004-2007) Lighting & Fuel Coverage Has STI Gen2 Headlight (D2R 04-05)
00:14 +311 -16: C:/Users/jakej/Documents/GitHub/Subaru.specs.n.parts/test/data/seed/specs_wrx_sti_gen2_coverage_test.dart: STI Gen 2 (2004-2007) Lighting & Fuel Coverage Has STI Gen2 Headlight (D2S 06-07)
00:14 +312 -16: C:/Users/jakej/Documents/GitHub/Subaru.specs.n.parts/test/data/seed/specs_wrx_sti_gen2_coverage_test.dart: STI Gen 2 (2004-2007) Lighting & Fuel Coverage (tearDownAll)
00:14 +312 -16: C:/Users/jakej/Documents/GitHub/Subaru.specs.n.parts/test/data/seed/split_era_validation_test.dart: The Great Split (2015-2024) Validation (setUpAll)
00:14 +312 -16: C:/Users/jakej/Documents/GitHub/Subaru.specs.n.parts/test/data/seed/split_era_validation_test.dart: The Great Split (2015-2024) Validation 2015+ Impreza should use FB20
00:14 +313 -16: C:/Users/jakej/Documents/GitHub/Subaru.specs.n.parts/test/data/seed/split_era_validation_test.dart: The Great Split (2015-2024) Validation 2015+ WRX should use FA20 (VA Chassis)
00:14 +314 -16: C:/Users/jakej/Documents/GitHub/Subaru.specs.n.parts/test/data/seed/split_era_validation_test.dart: The Great Split (2015-2024) Validation 2015+ STI should still use EJ257
00:14 +315 -16: C:/Users/jakej/Documents/GitHub/Subaru.specs.n.parts/test/data/seed/split_era_validation_test.dart: The Great Split (2015-2024) Validation 2022+ WRX should use FA24 (VB Chassis)
00:14 +316 -16: C:/Users/jakej/Documents/GitHub/Subaru.specs.n.parts/test/data/seed/split_era_validation_test.dart: The Great Split (2015-2024) Validation 2024 Impreza RS Returns (FB25)
00:14 +317 -16: C:/Users/jakej/Documents/GitHub/Subaru.specs.n.parts/test/data/seed/split_era_validation_test.dart: The Great Split (2015-2024) Validation (tearDownAll)
00:14 +317 -16: C:/Users/jakej/Documents/GitHub/Subaru.specs.n.parts/test/data/seed/vehicles_validation_test.dart: Vehicle Data Validation (setUpAll)
00:14 +317 -16: C:/Users/jakej/Documents/GitHub/Subaru.specs.n.parts/test/data/seed/vehicles_validation_test.dart: Vehicle Data Validation No duplicate IDs found
00:15 +318 -16: C:/Users/jakej/Documents/GitHub/Subaru.specs.n.parts/test/data/seed/vehicles_validation_test.dart: Vehicle Data Validation No duplicate Year/Model/Trim/Engine found
00:15 +319 -16: C:/Users/jakej/Documents/GitHub/Subaru.specs.n.parts/test/data/seed/vehicles_validation_test.dart: Vehicle Data Validation 2008 Impreza Models are present
00:15 +320 -16: C:/Users/jakej/Documents/GitHub/Subaru.specs.n.parts/test/data/seed/vehicles_validation_test.dart: Vehicle Data Validation 2009 Impreza Models are present
00:15 +321 -16: C:/Users/jakej/Documents/GitHub/Subaru.specs.n.parts/test/data/seed/vehicles_validation_test.dart: Vehicle Data Validation 2010 Impreza Models are present
00:15 +322 -16: C:/Users/jakej/Documents/GitHub/Subaru.specs.n.parts/test/data/seed/vehicles_validation_test.dart: Vehicle Data Validation 2011 Impreza Models are present
00:15 +323 -16: C:/Users/jakej/Documents/GitHub/Subaru.specs.n.parts/test/data/seed/vehicles_validation_test.dart: Vehicle Data Validation 2012 Impreza Models are present (Split Year)
00:15 +324 -16: C:/Users/jakej/Documents/GitHub/Subaru.specs.n.parts/test/data/seed/vehicles_validation_test.dart: Vehicle Data Validation 2013 Impreza Models are present (Split Year + Special Editions)
00:15 +325 -16: C:/Users/jakej/Documents/GitHub/Subaru.specs.n.parts/test/data/seed/vehicles_validation_test.dart: Vehicle Data Validation 2014 Impreza Models are present (Last Split Year)
00:15 +326 -16: C:/Users/jakej/Documents/GitHub/Subaru.specs.n.parts/test/data/seed/vehicles_validation_test.dart: Vehicle Data Validation (tearDownAll)
00:15 +326 -16: C:/Users/jakej/Documents/GitHub/Subaru.specs.n.parts/test/data/seed/wrx_2024_coverage_test.dart: Coverage: 2024 WRX Trims (USDM)
00:15 +327 -16: C:/Users/jakej/Documents/GitHub/Subaru.specs.n.parts/test/db_test.dart: Vehicles can be inserted and retrieved
00:15 +328 -16: C:/Users/jakej/Documents/GitHub/Subaru.specs.n.parts/test/db_test.dart: getDistinctYears returns sorted unique years
00:16 +329 -16: C:/Users/jakej/Documents/GitHub/Subaru.specs.n.parts/test/features/browse_ymm/browse_ymm_race_test.dart: YmmFlowPage race condition: models list mismatch
00:17 +330 -16: C:/Users/jakej/Documents/GitHub/Subaru.specs.n.parts/test/features/browse_ymm/ymm_flow_page_semantics_test.dart: YmmFlowPage back buttons have semantic labels
00:18 +331 -16: C:/Users/jakej/Documents/GitHub/Subaru.specs.n.parts/test/features/browse_ymm/ymm_flow_page_test.dart: YmmFlowPage loads years and then models
00:19 +332 -16: C:/Users/jakej/Documents/GitHub/Subaru.specs.n.parts/test/features/browse_ymm/ymm_flow_page_test.dart: YmmFlowPage loads years and then models
00:19 +333 -16: C:/Users/jakej/Documents/GitHub/Subaru.specs.n.parts/test/features/browse_ymm/ymm_flow_page_test.dart: YmmFlowPage loads years and then models
00:19 +334 -16: C:/Users/jakej/Documents/GitHub/Subaru.specs.n.parts/test/features/part_lookup/part_lookup_clear_button_test.dart: PartLookupPage clear button functionality
00:20 +335 -16: C:/Users/jakej/Documents/GitHub/Subaru.specs.n.parts/test/features/part_lookup/part_lookup_debounce_test.dart: PartLookupPage debounces search input
00:21 +336 -16: C:/Users/jakej/Documents/GitHub/Subaru.specs.n.parts/test/features/part_lookup/part_lookup_empty_state_test.dart: PartLookupPage shows empty state initially
00:21 +337 -16: C:/Users/jakej/Documents/GitHub/Subaru.specs.n.parts/test/features/part_lookup/part_lookup_security_test.dart: PartLookupPage limits input length for security
00:21 +338 -16: C:/Users/jakej/Documents/GitHub/Subaru.specs.n.parts/test/features/part_lookup/part_lookup_security_test.dart: PartLookupPage limits input length for security
00:22 +339 -16: C:/Users/jakej/Documents/GitHub/Subaru.specs.n.parts/test/features/specs/specs_coverage_test.dart: Specs Coverage & Parsing SpecsDao finds 2004 WRX spec despite implicit tags
00:22 +340 -16: C:/Users/jakej/Documents/GitHub/Subaru.specs.n.parts/test/features/specs/specs_coverage_test.dart: Specs Coverage & Parsing SpecsDao finds 2018 STI spec (VA generation)
00:22 +341 -16: C:/Users/jakej/Documents/GitHub/Subaru.specs.n.parts/test/features/specs/specs_coverage_test.dart: Specs Coverage & Parsing Asset bundle includes critical seed files
00:23 +342 -16: C:/Users/jakej/Documents/GitHub/Subaru.specs.n.parts/test/features/specs/spec_list_debounce_test.dart: SpecListPage debounces search input
00:24 +343 -16: C:/Users/jakej/Documents/GitHub/Subaru.specs.n.parts/test/features/specs/spec_list_empty_state_test.dart: SpecListPage shows empty state when no specs found
00:24 +344 -16: C:/Users/jakej/Documents/GitHub/Subaru.specs.n.parts/test/features/specs/spec_list_pagination_test.dart: SpecListPage implements pagination
00:25 +345 -16: C:/Users/jakej/Documents/GitHub/Subaru.specs.n.parts/test/features/specs/spec_list_pagination_test.dart: SpecListPage implements pagination
00:25 +346 -16: C:/Users/jakej/Documents/GitHub/Subaru.specs.n.parts/test/features/specs/spec_list_pagination_test.dart: SpecListPage implements pagination
00:25 +347 -16: C:/Users/jakej/Documents/GitHub/Subaru.specs.n.parts/test/features/specs/spec_list_pagination_test.dart: SpecListPage implements pagination
00:25 +348 -16: C:/Users/jakej/Documents/GitHub/Subaru.specs.n.parts/test/features/specs/spec_list_pagination_test.dart: SpecListPage implements pagination
00:25 +349 -16: C:/Users/jakej/Documents/GitHub/Subaru.specs.n.parts/test/features/specs/spec_list_pagination_test.dart: SpecListPage implements search pagination
00:26 +350 -16: C:/Users/jakej/Documents/GitHub/Subaru.specs.n.parts/test/features/specs/spec_list_pagination_test.dart: SpecListPage implements search pagination
00:26 +351 -16: C:/Users/jakej/Documents/GitHub/Subaru.specs.n.parts/test/widgets/home_menu_card_semantics_test.dart: HomeMenuCard has correct semantics
00:27 +352 -16: C:/Users/jakej/Documents/GitHub/Subaru.specs.n.parts/test/widget_test.dart: App smoke test
00:27 +353 -16: Some tests failed.
